<html>
<body>
<pre>
<h1>µVision Build Log</h1>
<h2>Project:</h2>
E:\v24he4p6\Downloads\MAJOR_PROJECT\MAJOR_PROJECT.uvproj
Project File Date:  04/22/2025

<h2>Output:</h2>
Build target 'Target 1'
assembling Startup.s...
compiling INDICATOR_NODE.c...
compiling can.c...
compiling adc_driver.c...
compiling lcd.c...
compiling rtc.c...
compiling delay.c...
compiling ds18b20.c...
compiling interrupt.c...
linking...
MAJOR_PROJECT.axf: Error: L6218E: Undefined symbol flag1 (referred from interrupt.o).
MAJOR_PROJECT.axf: Error: L6218E: Undefined symbol flag2 (referred from interrupt.o).
MAJOR_PROJECT.axf: Error: L6218E: Undefined symbol txF (referred from interrupt.o).
MAJOR_PROJECT.axf: Not enough information to list image symbols.
MAJOR_PROJECT.axf: Finished: 1 information, 0 warning and 3 error messages.
Target not created
Build target 'Target 1'
assembling Startup.s...
compiling INDICATOR_NODE.c...
compiling can.c...
compiling adc_driver.c...
compiling lcd.c...
compiling rtc.c...
compiling delay.c...
compiling ds18b20.c...
compiling interrupt.c...
linking...
MAJOR_PROJECT.axf: Error: L6218E: Undefined symbol flag1 (referred from interrupt.o).
MAJOR_PROJECT.axf: Error: L6218E: Undefined symbol flag2 (referred from interrupt.o).
MAJOR_PROJECT.axf: Error: L6218E: Undefined symbol txF (referred from interrupt.o).
MAJOR_PROJECT.axf: Not enough information to list image symbols.
MAJOR_PROJECT.axf: Finished: 1 information, 0 warning and 3 error messages.
Target not created
Build target 'Target 1'
assembling Startup.s...
compiling INDICATOR_NODE.c...
compiling can.c...
compiling adc_driver.c...
compiling lcd.c...
compiling rtc.c...
compiling delay.c...
compiling ds18b20.c...
linking...
Program Size: Code=1928 RO-data=16 RW-data=0 ZI-data=1272  
FromELF: creating hex file...
"MAJOR_PROJECT.axf" - 0 Error(s), 0 Warning(s).
Build target 'Target 1'
assembling Startup.s...
compiling MAIN_NODE.c...
compiling can.c...
compiling adc_driver.c...
compiling lcd.c...
compiling rtc.c...
compiling delay.c...
compiling ds18b20.c...
compiling interrupt.c...
linking...
Program Size: Code=8252 RO-data=32 RW-data=156 ZI-data=1292  
FromELF: creating hex file...
"MAJOR_PROJECT.axf" - 0 Error(s), 0 Warning(s).
Build target 'Target 1'
assembling Startup.s...
compiling MAIN_NODE.c...
compiling can.c...
compiling adc_driver.c...
compiling lcd.c...
compiling rtc.c...
compiling delay.c...
compiling ds18b20.c...
compiling interrupt.c...
linking...
Program Size: Code=8252 RO-data=32 RW-data=156 ZI-data=1292  
FromELF: creating hex file...
"MAJOR_PROJECT.axf" - 0 Error(s), 0 Warning(s).
Build target 'Target 1'
assembling Startup.s...
compiling MAIN_NODE.c...
compiling can.c...
compiling adc_driver.c...
compiling lcd.c...
compiling rtc.c...
compiling delay.c...
compiling ds18b20.c...
compiling interrupt.c...
linking...
Program Size: Code=8300 RO-data=32 RW-data=156 ZI-data=1292  
FromELF: creating hex file...
"MAJOR_PROJECT.axf" - 0 Error(s), 0 Warning(s).
Build target 'Target 1'
assembling Startup.s...
compiling MAIN_NODE.c...
compiling can.c...
compiling adc_driver.c...
compiling lcd.c...
compiling rtc.c...
compiling delay.c...
compiling ds18b20.c...
compiling interrupt.c...
linking...
Program Size: Code=8300 RO-data=32 RW-data=156 ZI-data=1292  
FromELF: creating hex file...
"MAJOR_PROJECT.axf" - 0 Error(s), 0 Warning(s).
Build target 'Target 1'
assembling Startup.s...
compiling MAIN_NODE.c...
compiling can.c...
compiling adc_driver.c...
compiling lcd.c...
compiling rtc.c...
compiling delay.c...
compiling ds18b20.c...
compiling interrupt.c...
linking...
Program Size: Code=8300 RO-data=32 RW-data=156 ZI-data=1292  
FromELF: creating hex file...
"MAJOR_PROJECT.axf" - 0 Error(s), 0 Warning(s).
Build target 'Target 1'
assembling Startup.s...
compiling MAIN_NODE.c...
compiling can.c...
compiling adc_driver.c...
compiling lcd.c...
compiling rtc.c...
compiling delay.c...
compiling ds18b20.c...
compiling interrupt.c...
linking...
Program Size: Code=8308 RO-data=32 RW-data=156 ZI-data=1292  
FromELF: creating hex file...
"MAJOR_PROJECT.axf" - 0 Error(s), 0 Warning(s).
Build target 'Target 1'
assembling Startup.s...
compiling MAIN_NODE.c...
compiling can.c...
compiling adc_driver.c...
compiling lcd.c...
compiling rtc.c...
compiling delay.c...
compiling ds18b20.c...
compiling interrupt.c...
linking...
Program Size: Code=8308 RO-data=32 RW-data=156 ZI-data=1292  
FromELF: creating hex file...
"MAJOR_PROJECT.axf" - 0 Error(s), 0 Warning(s).
Build target 'Target 1'
assembling Startup.s...
compiling MAIN_NODE.c...
compiling can.c...
compiling adc_driver.c...
compiling lcd.c...
compiling rtc.c...
compiling delay.c...
compiling ds18b20.c...
compiling interrupt.c...
linking...
Program Size: Code=8308 RO-data=32 RW-data=156 ZI-data=1292  
FromELF: creating hex file...
"MAJOR_PROJECT.axf" - 0 Error(s), 0 Warning(s).
Build target 'Target 1'
assembling Startup.s...
compiling MAIN_NODE.c...
compiling can.c...
compiling adc_driver.c...
compiling lcd.c...
compiling rtc.c...
compiling delay.c...
compiling ds18b20.c...
compiling interrupt.c...
linking...
Program Size: Code=8348 RO-data=32 RW-data=156 ZI-data=1292  
FromELF: creating hex file...
"MAJOR_PROJECT.axf" - 0 Error(s), 0 Warning(s).
Build target 'Target 1'
assembling Startup.s...
compiling MAIN_NODE.c...
compiling can.c...
compiling adc_driver.c...
compiling lcd.c...
lcd.c(287): error:  #147-D: declaration is incompatible with "void Display5BarFuel(u8)" (declared at line 20 of "lcd.h")
lcd.c:   void Display5BarFuel(u32 fuel_percent) {
lcd.c:        ^
lcd.c(290): warning:  #186-D: pointless comparison of unsigned integer with zero
lcd.c:       if (fuel_percent < 0) fuel_percent = 0;
lcd.c:                        ^
lcd.c(293): error:  #268: declaration may not appear after executable statement in block
lcd.c:       int num_bars = fuel_percent / 20;
lcd.c:       ^
lcd.c(304): error:  #29: expected an expression
lcd.c:       for (int i = 0; i < num_bars; i++) {
lcd.c:            ^
lcd.c(304): error:  #20: identifier "i" is undefined
lcd.c:       for (int i = 0; i < num_bars; i++) {
lcd.c:                       ^
lcd.c(310): error:  #29: expected an expression
lcd.c:       for (int i = num_bars; i < 5; i++) {
lcd.c:            ^
lcd.c: lcd.c: 1 warning, 5 errors
compiling rtc.c...
compiling delay.c...
compiling ds18b20.c...
compiling interrupt.c...
Target not created
Build target 'Target 1'
assembling Startup.s...
compiling MAIN_NODE.c...
compiling can.c...
compiling adc_driver.c...
compiling lcd.c...
lcd.c(287): error:  #147-D: declaration is incompatible with "void Display5BarFuel(u8)" (declared at line 20 of "lcd.h")
lcd.c:   void Display5BarFuel(u32 fuel_percent) {
lcd.c:        ^
lcd.c(291): warning:  #186-D: pointless comparison of unsigned integer with zero
lcd.c:       if (fuel_percent < 0) fuel_percent = 0;
lcd.c:                        ^
lcd.c(294): error:  #268: declaration may not appear after executable statement in block
lcd.c:       int num_bars = fuel_percent / 20;
lcd.c:       ^
lcd.c(305): error:  #29: expected an expression
lcd.c:       for (int i = 0; i < num_bars; i++) {
lcd.c:            ^
lcd.c(311): error:  #29: expected an expression
lcd.c:       for (int i = num_bars; i < 5; i++) {
lcd.c:            ^
lcd.c: lcd.c: 1 warning, 4 errors
compiling rtc.c...
compiling delay.c...
compiling ds18b20.c...
compiling interrupt.c...
Target not created
Build target 'Target 1'
assembling Startup.s...
compiling MAIN_NODE.c...
compiling can.c...
compiling adc_driver.c...
compiling lcd.c...
compiling rtc.c...
compiling delay.c...
compiling ds18b20.c...
compiling interrupt.c...
linking...
Program Size: Code=8348 RO-data=32 RW-data=156 ZI-data=1292  
FromELF: creating hex file...
"MAJOR_PROJECT.axf" - 0 Error(s), 0 Warning(s).
Build target 'Target 1'
assembling Startup.s...
compiling MAIN_NODE.c...
compiling can.c...
compiling adc_driver.c...
compiling lcd.c...
compiling rtc.c...
compiling delay.c...
compiling ds18b20.c...
compiling interrupt.c...
linking...
Program Size: Code=8348 RO-data=32 RW-data=156 ZI-data=1292  
FromELF: creating hex file...
"MAJOR_PROJECT.axf" - 0 Error(s), 0 Warning(s).
Build target 'Target 1'
assembling Startup.s...
compiling MAIN_NODE.c...
compiling can.c...
compiling adc_driver.c...
compiling lcd.c...
compiling rtc.c...
compiling delay.c...
compiling ds18b20.c...
compiling interrupt.c...
linking...
Program Size: Code=8348 RO-data=32 RW-data=156 ZI-data=1292  
FromELF: creating hex file...
"MAJOR_PROJECT.axf" - 0 Error(s), 0 Warning(s).
Build target 'Target 1'
assembling Startup.s...
compiling MAIN_NODE.c...
compiling can.c...
compiling adc_driver.c...
compiling lcd.c...
compiling rtc.c...
compiling delay.c...
compiling ds18b20.c...
compiling interrupt.c...
linking...
Program Size: Code=8348 RO-data=32 RW-data=156 ZI-data=1292  
FromELF: creating hex file...
"MAJOR_PROJECT.axf" - 0 Error(s), 0 Warning(s).
Build target 'Target 1'
assembling Startup.s...
compiling MAIN_NODE.c...
compiling can.c...
compiling adc_driver.c...
compiling lcd.c...
compiling rtc.c...
compiling delay.c...
compiling ds18b20.c...
compiling interrupt.c...
linking...
Program Size: Code=8348 RO-data=32 RW-data=156 ZI-data=1292  
FromELF: creating hex file...
"MAJOR_PROJECT.axf" - 0 Error(s), 0 Warning(s).
Build target 'Target 1'
assembling Startup.s...
compiling MAIN_NODE.c...
compiling can.c...
compiling adc_driver.c...
compiling lcd.c...
compiling rtc.c...
compiling delay.c...
compiling ds18b20.c...
compiling interrupt.c...
linking...
Program Size: Code=8348 RO-data=32 RW-data=156 ZI-data=1292  
FromELF: creating hex file...
"MAJOR_PROJECT.axf" - 0 Error(s), 0 Warning(s).
Build target 'Target 1'
assembling Startup.s...
compiling MAIN_NODE.c...
compiling can.c...
compiling adc_driver.c...
compiling lcd.c...
compiling rtc.c...
compiling delay.c...
compiling ds18b20.c...
compiling interrupt.c...
linking...
Program Size: Code=8348 RO-data=32 RW-data=156 ZI-data=1292  
FromELF: creating hex file...
"MAJOR_PROJECT.axf" - 0 Error(s), 0 Warning(s).
Build target 'Target 1'
assembling Startup.s...
compiling MAIN_NODE.c...
compiling can.c...
compiling adc_driver.c...
compiling lcd.c...
lcd.c(287): error:  #247: function "Display5BarFuel" has already been defined
lcd.c:   void Display5BarFuel(u8 percentage) {
lcd.c:        ^
lcd.c: lcd.c: 0 warnings, 1 error
compiling rtc.c...
compiling delay.c...
compiling ds18b20.c...
compiling interrupt.c...
Target not created
Build target 'Target 1'
assembling Startup.s...
compiling MAIN_NODE.c...
compiling can.c...
compiling adc_driver.c...
compiling lcd.c...
lcd.c(305): error:  #79: expected a type specifier
lcd.c:       cmdLCD(0xD4+12);
lcd.c:              ^
lcd.c(305): warning:  #77-D: this declaration has no storage class or type specifier
lcd.c:       cmdLCD(0xD4+12);
lcd.c:       ^
lcd.c(305): error:  #147: declaration is incompatible with "void cmdLCD(u8)" (declared at line 26)
lcd.c:       cmdLCD(0xD4+12);
lcd.c:       ^
lcd.c(306): error:  #79: expected a type specifier
lcd.c:          strLCD("   ");
lcd.c:                 ^
lcd.c(306): warning:  #77-D: this declaration has no storage class or type specifier
lcd.c:          strLCD("   ");
lcd.c:          ^
lcd.c(306): error:  #147: declaration is incompatible with "void strLCD(s8 *)" (declared at line 88)
lcd.c:          strLCD("   ");
lcd.c:          ^
lcd.c(307): warning:  #77-D: this declaration has no storage class or type specifier
lcd.c:       u32LCD(percentage);
lcd.c:       ^
lcd.c(307): error:  #92: identifier-list parameters may only be used in a function definition
lcd.c:       u32LCD(percentage);
lcd.c:       ^
lcd.c(307): error:  #147: declaration is incompatible with "void u32LCD(u32)" (declared at line 199)
lcd.c:       u32LCD(percentage);
lcd.c:       ^
lcd.c(308): error:  #79: expected a type specifier
lcd.c:       charLCD('%');
lcd.c:               ^
lcd.c(308): warning:  #77-D: this declaration has no storage class or type specifier
lcd.c:       charLCD('%');
lcd.c:       ^
lcd.c(308): error:  #147: declaration is incompatible with "void charLCD(u8)" (declared at line 68)
lcd.c:       charLCD('%');
lcd.c:       ^
lcd.c(309): error:  #79: expected a type specifier
lcd.c:          strLCD("  ");
lcd.c:                 ^
lcd.c(309): warning:  #77-D: this declaration has no storage class or type specifier
lcd.c:          strLCD("  ");
lcd.c:          ^
lcd.c(310): error:  #169: expected a declaration
lcd.c:   }
lcd.c:   ^
lcd.c: lcd.c: 5 warnings, 10 errors
compiling rtc.c...
compiling delay.c...
compiling ds18b20.c...
compiling interrupt.c...
Target not created
Build target 'Target 1'
assembling Startup.s...
compiling MAIN_NODE.c...
compiling can.c...
compiling adc_driver.c...
compiling lcd.c...
lcd.c(307): error:  #20: identifier "percentage" is undefined
lcd.c:       u32LCD(percentage);
lcd.c:              ^
lcd.c: lcd.c: 0 warnings, 1 error
compiling rtc.c...
compiling delay.c...
compiling ds18b20.c...
compiling interrupt.c...
Target not created
Build target 'Target 1'
assembling Startup.s...
compiling MAIN_NODE.c...
compiling can.c...
compiling adc_driver.c...
compiling lcd.c...
compiling rtc.c...
compiling delay.c...
compiling ds18b20.c...
compiling interrupt.c...
linking...
Program Size: Code=8348 RO-data=32 RW-data=156 ZI-data=1292  
FromELF: creating hex file...
"MAJOR_PROJECT.axf" - 0 Error(s), 0 Warning(s).
Build target 'Target 1'
assembling Startup.s...
compiling MAIN_NODE.c...
compiling can.c...
compiling adc_driver.c...
compiling lcd.c...
compiling rtc.c...
compiling delay.c...
compiling ds18b20.c...
compiling interrupt.c...
linking...
Program Size: Code=8348 RO-data=32 RW-data=156 ZI-data=1292  
FromELF: creating hex file...
"MAJOR_PROJECT.axf" - 0 Error(s), 0 Warning(s).
Build target 'Target 1'
assembling Startup.s...
compiling MAIN_NODE.c...
compiling can.c...
compiling adc_driver.c...
compiling lcd.c...
compiling rtc.c...
compiling delay.c...
compiling ds18b20.c...
compiling interrupt.c...
linking...
Program Size: Code=8348 RO-data=32 RW-data=156 ZI-data=1292  
FromELF: creating hex file...
"MAJOR_PROJECT.axf" - 0 Error(s), 0 Warning(s).
