ARM Linker, 4.1 [Build 481] [Evaluation]

==============================================================================

Section Cross References

    startup.o(STACK) refers (Special) to heapauxi.o(.text) for __use_two_region_memory
    startup.o(HEAP) refers (Special) to heapauxi.o(.text) for __use_two_region_memory
    startup.o(RESET) refers (Special) to heapauxi.o(.text) for __use_two_region_memory
    startup.o(RESET) refers to startup.o(STACK) for Stack_Top
    startup.o(RESET) refers to __main.o(!!!main) for __main
    startup.o(.text) refers (Special) to heapauxi.o(.text) for __use_two_region_memory
    startup.o(.text) refers to startup.o(HEAP) for Heap_Mem
    startup.o(.text) refers to startup.o(STACK) for Stack_Mem
    main_node.o(.text) refers to lcd.o(.text) for cmdLCD
    main_node.o(.text) refers to can.o(.text) for Init_CAN1
    main_node.o(.text) refers to rtc.o(.text) for RTC_Init
    main_node.o(.text) refers to interrupt.o(.text) for Enable_EINT0
    main_node.o(.text) refers to ds18b20.o(.text) for ReadTemp
    main_node.o(.text) refers to delay.o(.text) for delay_ms
    main_node.o(.text) refers to main_node.o(.data) for left_arrow
    main_node.o(.text) refers to main_node.o(.bss) for rxF
    main_node.o(.text) refers to interrupt.o(.data) for left_blink
    adc_driver.o(.text) refers to delay.o(.text) for delay_us
    adc_driver.o(.text) refers to dflt_noclz.o(x$fpl$dfltu) for __aeabi_ui2d
    adc_driver.o(.text) refers to dmul.o(x$fpl$dmul) for __aeabi_dmul
    adc_driver.o(.text) refers to ddiv.o(x$fpl$ddiv) for __aeabi_ddiv
    adc_driver.o(.text) refers to d2f.o(x$fpl$d2f) for __aeabi_d2f
    lcd.o(.text) refers to _printf_percent.o(.ARM.Collect$$_printf_percent$$00000000) for _printf_percent
    lcd.o(.text) refers to _printf_d.o(.ARM.Collect$$_printf_percent$$00000009) for _printf_d
    lcd.o(.text) refers to _printf_dec.o(.text) for _printf_int_dec
    lcd.o(.text) refers to delay.o(.text) for delay_us
    lcd.o(.text) refers to noretval__2sprintf.o(.text) for __2sprintf
    lcd.o(.text) refers to aeabi_sdiv.o(.text_udiv) for __aeabi_uidivmod
    lcd.o(.text) refers to f2d.o(x$fpl$f2d) for __aeabi_f2d
    lcd.o(.text) refers to dleqf.o(x$fpl$dleqf) for __aeabi_cdcmple
    lcd.o(.text) refers to ffix.o(x$fpl$ffix) for __aeabi_f2iz
    lcd.o(.text) refers to fflt_noclz.o(x$fpl$fflt) for __aeabi_i2f
    lcd.o(.text) refers to faddsub_noclz.o(x$fpl$frsb) for __aeabi_frsub
    lcd.o(.text) refers to fmul.o(x$fpl$fmul) for __aeabi_fmul
    lcd.o(.text) refers to aeabi_sdiv.o(.text) for __aeabi_idivmod
    rtc.o(.text) refers to lcd.o(.text) for cmdLCD
    rtc.o(.text) refers to aeabi_sdiv.o(.text_udiv) for __aeabi_uidivmod
    rtc.o(.text) refers to rtc.o(.data) for week
    ds18b20.o(.text) refers to delay.o(.text) for delay_us
    interrupt.o(.text) refers to can.o(.text) for CAN1_Tx
    interrupt.o(.text) refers to main_node.o(.data) for flag1
    interrupt.o(.text) refers to main_node.o(.bss) for txF
    interrupt.o(.text) refers to interrupt.o(.data) for left_blink
    __2sprintf.o(.text) refers to _printf_char_common.o(.text) for _printf_char_common
    __2sprintf.o(.text) refers to _sputc.o(.text) for _sputc
    noretval__2sprintf.o(.text) refers to _printf_char_common.o(.text) for _printf_char_common
    noretval__2sprintf.o(.text) refers to _sputc.o(.text) for _sputc
    __printf.o(.text) refers to __printf.o(i.__ARM_common_call_via_r1) for __ARM_common_call_via_r1
    __printf.o(.text) refers to _printf_percent.o(.ARM.Collect$$_printf_percent$$00000000) for _printf_percent
    __printf.o(.text) refers to __printf.o(i.__ARM_common_call_via_r2) for __ARM_common_call_via_r2
    _printf_dec.o(.text) refers to rtudiv10.o(.text) for __rt_udiv10
    _printf_dec.o(.text) refers to _printf_intcommon.o(.text) for _printf_int_common
    __printf_flags.o(.text) refers to __printf.o(i.__ARM_common_call_via_r1) for __ARM_common_call_via_r1
    __printf_flags.o(.text) refers to _printf_percent.o(.ARM.Collect$$_printf_percent$$00000000) for _printf_percent
    __printf_flags.o(.text) refers to __printf.o(i.__ARM_common_call_via_r2) for __ARM_common_call_via_r2
    __printf_flags.o(.text) refers to __printf_flags.o(.constdata) for .constdata
    __printf_ss.o(.text) refers to __printf.o(i.__ARM_common_call_via_r1) for __ARM_common_call_via_r1
    __printf_ss.o(.text) refers to _printf_percent.o(.ARM.Collect$$_printf_percent$$00000000) for _printf_percent
    __printf_ss.o(.text) refers to __printf.o(i.__ARM_common_call_via_r2) for __ARM_common_call_via_r2
    __printf_flags_ss.o(.text) refers to __printf.o(i.__ARM_common_call_via_r1) for __ARM_common_call_via_r1
    __printf_flags_ss.o(.text) refers to _printf_percent.o(.ARM.Collect$$_printf_percent$$00000000) for _printf_percent
    __printf_flags_ss.o(.text) refers to __printf.o(i.__ARM_common_call_via_r2) for __ARM_common_call_via_r2
    __printf_flags_ss.o(.text) refers to __printf_flags_ss.o(.constdata) for .constdata
    __printf_wp.o(.text) refers to __printf.o(i.__ARM_common_call_via_r1) for __ARM_common_call_via_r1
    __printf_wp.o(.text) refers to _printf_percent.o(.ARM.Collect$$_printf_percent$$00000000) for _printf_percent
    __printf_wp.o(.text) refers to __printf.o(i.__ARM_common_call_via_r2) for __ARM_common_call_via_r2
    __printf_flags_wp.o(.text) refers to __printf.o(i.__ARM_common_call_via_r1) for __ARM_common_call_via_r1
    __printf_flags_wp.o(.text) refers to _printf_percent.o(.ARM.Collect$$_printf_percent$$00000000) for _printf_percent
    __printf_flags_wp.o(.text) refers to __printf.o(i.__ARM_common_call_via_r2) for __ARM_common_call_via_r2
    __printf_flags_wp.o(.text) refers to __printf_flags_wp.o(.constdata) for .constdata
    __printf_ss_wp.o(.text) refers to __printf.o(i.__ARM_common_call_via_r1) for __ARM_common_call_via_r1
    __printf_ss_wp.o(.text) refers to _printf_percent.o(.ARM.Collect$$_printf_percent$$00000000) for _printf_percent
    __printf_ss_wp.o(.text) refers to __printf.o(i.__ARM_common_call_via_r2) for __ARM_common_call_via_r2
    __printf_flags_ss_wp.o(.text) refers to __printf.o(i.__ARM_common_call_via_r1) for __ARM_common_call_via_r1
    __printf_flags_ss_wp.o(.text) refers to _printf_percent.o(.ARM.Collect$$_printf_percent$$00000000) for _printf_percent
    __printf_flags_ss_wp.o(.text) refers to __printf.o(i.__ARM_common_call_via_r2) for __ARM_common_call_via_r2
    __printf_flags_ss_wp.o(.text) refers to __printf_flags_ss_wp.o(.constdata) for .constdata
    _printf_d.o(.ARM.Collect$$_printf_percent$$00000009) refers (Weak) to _printf_dec.o(.text) for _printf_int_dec
    _printf_percent.o(.ARM.Collect$$_printf_percent$$00000000) refers (Special) to _printf_percent_end.o(.ARM.Collect$$_printf_percent$$00000017) for _printf_percent_end
    aeabi_sdiv.o(.text_udiv) refers to aeabi_sdiv.o(.text) for __arm_div2
    aeabi_sdiv_div0.o(.text_udiv) refers to aeabi_sdiv_div0.o(.text) for __arm_div2
    __main.o(!!!main) refers to rtentry.o(.ARM.Collect$$rtentry$$00000000) for __rt_entry
    d2f.o(x$fpl$d2f) refers (Special) to usenofp.o(x$fpl$usenofp) for __I$use$fp
    d2f.o(x$fpl$d2f) refers to fretinf.o(x$fpl$fretinf) for __fpl_fretinf
    d2f.o(x$fpl$d2f) refers to dnaninf.o(x$fpl$dnaninf) for __fpl_dnaninf
    ddiv.o(x$fpl$drdiv) refers (Special) to usenofp.o(x$fpl$usenofp) for __I$use$fp
    ddiv.o(x$fpl$drdiv) refers to ddiv.o(x$fpl$ddiv) for ddiv_entry
    ddiv.o(x$fpl$ddiv) refers (Special) to usenofp.o(x$fpl$usenofp) for __I$use$fp
    ddiv.o(x$fpl$ddiv) refers to dretinf.o(x$fpl$dretinf) for __fpl_dretinf
    ddiv.o(x$fpl$ddiv) refers to dnaninf.o(x$fpl$dnaninf) for __fpl_dnaninf
    dflt_noclz.o(x$fpl$dfltu) refers (Special) to usenofp.o(x$fpl$usenofp) for __I$use$fp
    dflt_noclz.o(x$fpl$dfltu) refers to dflt_noclz.o(x$fpl$dflt) for __dflt_normalise
    dflt_noclz.o(x$fpl$dflt) refers (Special) to usenofp.o(x$fpl$usenofp) for __I$use$fp
    dleqf.o(x$fpl$dleqf) refers (Special) to usenofp.o(x$fpl$usenofp) for __I$use$fp
    dleqf.o(x$fpl$dleqf) refers to dnaninf.o(x$fpl$dnaninf) for __fpl_dnaninf
    dleqf.o(x$fpl$dleqf) refers to dcmpi.o(x$fpl$dcmpinf) for __fpl_dcmp_Inf
    dmul.o(x$fpl$dmul) refers (Special) to usenofp.o(x$fpl$usenofp) for __I$use$fp
    dmul.o(x$fpl$dmul) refers to dretinf.o(x$fpl$dretinf) for __fpl_dretinf
    dmul.o(x$fpl$dmul) refers to dnaninf.o(x$fpl$dnaninf) for __fpl_dnaninf
    f2d.o(x$fpl$f2d) refers (Special) to usenofp.o(x$fpl$usenofp) for __I$use$fp
    f2d.o(x$fpl$f2d) refers to fnaninf.o(x$fpl$fnaninf) for __fpl_fnaninf
    f2d.o(x$fpl$f2d) refers to dretinf.o(x$fpl$dretinf) for __fpl_dretinf
    faddsub_noclz.o(x$fpl$fadd) refers (Special) to usenofp.o(x$fpl$usenofp) for __I$use$fp
    faddsub_noclz.o(x$fpl$fadd) refers to faddsub_noclz.o(x$fpl$fsub) for _fsub1
    faddsub_noclz.o(x$fpl$fadd) refers to fretinf.o(x$fpl$fretinf) for __fpl_fretinf
    faddsub_noclz.o(x$fpl$fadd) refers to fnaninf.o(x$fpl$fnaninf) for __fpl_fnaninf
    faddsub_noclz.o(x$fpl$frsb) refers (Special) to usenofp.o(x$fpl$usenofp) for __I$use$fp
    faddsub_noclz.o(x$fpl$frsb) refers to faddsub_noclz.o(x$fpl$fadd) for _fadd1
    faddsub_noclz.o(x$fpl$frsb) refers to faddsub_noclz.o(x$fpl$fsub) for _fsub1
    faddsub_noclz.o(x$fpl$fsub) refers (Special) to usenofp.o(x$fpl$usenofp) for __I$use$fp
    faddsub_noclz.o(x$fpl$fsub) refers to faddsub_noclz.o(x$fpl$fadd) for _fadd1
    faddsub_noclz.o(x$fpl$fsub) refers to fnaninf.o(x$fpl$fnaninf) for __fpl_fnaninf
    ffix.o(x$fpl$ffix) refers (Special) to usenofp.o(x$fpl$usenofp) for __I$use$fp
    ffix.o(x$fpl$ffix) refers to fnaninf.o(x$fpl$fnaninf) for __fpl_fnaninf
    ffix.o(x$fpl$ffixr) refers (Special) to usenofp.o(x$fpl$usenofp) for __I$use$fp
    ffix.o(x$fpl$ffixr) refers to fnaninf.o(x$fpl$fnaninf) for __fpl_fnaninf
    fflt_noclz.o(x$fpl$ffltu) refers (Special) to usenofp.o(x$fpl$usenofp) for __I$use$fp
    fflt_noclz.o(x$fpl$ffltu) refers to fflt_noclz.o(x$fpl$fflt) for __fflt_normalise
    fflt_noclz.o(x$fpl$fflt) refers (Special) to usenofp.o(x$fpl$usenofp) for __I$use$fp
    fmul.o(x$fpl$fmul) refers (Special) to usenofp.o(x$fpl$usenofp) for __I$use$fp
    fmul.o(x$fpl$fmul) refers to fretinf.o(x$fpl$fretinf) for __fpl_fretinf
    fmul.o(x$fpl$fmul) refers to fnaninf.o(x$fpl$fnaninf) for __fpl_fnaninf
    rtentry.o(.ARM.Collect$$rtentry$$00000000) refers (Special) to rtentry2.o(.ARM.Collect$$rtentry$$0000000A) for __rt_entry_li
    rtentry.o(.ARM.Collect$$rtentry$$00000000) refers (Special) to rtentry2.o(.ARM.Collect$$rtentry$$0000000D) for __rt_entry_main
    rtentry.o(.ARM.Collect$$rtentry$$00000000) refers (Special) to rtentry2.o(.ARM.Collect$$rtentry$$0000000C) for __rt_entry_postli_1
    rtentry.o(.ARM.Collect$$rtentry$$00000000) refers (Special) to rtentry2.o(.ARM.Collect$$rtentry$$00000009) for __rt_entry_postsh_1
    rtentry.o(.ARM.Collect$$rtentry$$00000000) refers (Special) to rtentry2.o(.ARM.Collect$$rtentry$$00000002) for __rt_entry_presh_1
    rtentry.o(.ARM.Collect$$rtentry$$00000000) refers (Special) to rtentry4.o(.ARM.Collect$$rtentry$$00000004) for __rt_entry_sh
    rtentry.o(.ARM.exidx) refers (Special) to rtentry2.o(.ARM.Collect$$rtentry$$0000000A) for __rt_entry_li
    rtentry.o(.ARM.exidx) refers (Special) to rtentry2.o(.ARM.Collect$$rtentry$$0000000D) for __rt_entry_main
    rtentry.o(.ARM.exidx) refers (Special) to rtentry2.o(.ARM.Collect$$rtentry$$0000000C) for __rt_entry_postli_1
    rtentry.o(.ARM.exidx) refers (Special) to rtentry2.o(.ARM.Collect$$rtentry$$00000009) for __rt_entry_postsh_1
    rtentry.o(.ARM.exidx) refers (Special) to rtentry2.o(.ARM.Collect$$rtentry$$00000002) for __rt_entry_presh_1
    rtentry.o(.ARM.exidx) refers (Special) to rtentry4.o(.ARM.Collect$$rtentry$$00000004) for __rt_entry_sh
    rtentry.o(.ARM.exidx) refers to rtentry.o(.ARM.Collect$$rtentry$$00000000) for .ARM.Collect$$rtentry$$00000000
    aeabi_idiv0_sigfpe.o(.text) refers to rt_div0.o(.text) for __rt_div0
    _printf_intcommon.o(.text) refers to __printf.o(i.__ARM_common_call_via_r2) for __ARM_common_call_via_r2
    _printf_char_common.o(.text) refers to __printf.o(.text) for __printf
    dcmpi.o(x$fpl$dcmpinf) refers (Special) to usenofp.o(x$fpl$usenofp) for __I$use$fp
    dnaninf.o(x$fpl$dnaninf) refers (Special) to usenofp.o(x$fpl$usenofp) for __I$use$fp
    dretinf.o(x$fpl$dretinf) refers (Special) to usenofp.o(x$fpl$usenofp) for __I$use$fp
    fnaninf.o(x$fpl$fnaninf) refers (Special) to usenofp.o(x$fpl$usenofp) for __I$use$fp
    fretinf.o(x$fpl$fretinf) refers (Special) to usenofp.o(x$fpl$usenofp) for __I$use$fp
    rtentry2.o(.ARM.Collect$$rtentry$$00000008) refers to boardinit2.o(.text) for _platform_post_stackheap_init
    rtentry2.o(.ARM.Collect$$rtentry$$0000000A) refers to libinit.o(.ARM.Collect$$libinit$$00000000) for __rt_lib_init
    rtentry2.o(.ARM.Collect$$rtentry$$0000000B) refers to boardinit3.o(.text) for _platform_post_lib_init
    rtentry2.o(.ARM.Collect$$rtentry$$0000000D) refers to exit.o(.text) for exit
    rtentry2.o(.ARM.Collect$$rtentry$$0000000D) refers to main_node.o(.text) for main
    rtentry2.o(.ARM.exidx) refers to rtentry2.o(.ARM.Collect$$rtentry$$00000001) for .ARM.Collect$$rtentry$$00000001
    rtentry2.o(.ARM.exidx) refers to rtentry2.o(.ARM.Collect$$rtentry$$00000002) for .ARM.Collect$$rtentry$$00000002
    rtentry2.o(.ARM.exidx) refers to rtentry2.o(.ARM.Collect$$rtentry$$00000008) for .ARM.Collect$$rtentry$$00000008
    rtentry2.o(.ARM.exidx) refers to rtentry2.o(.ARM.Collect$$rtentry$$00000009) for .ARM.Collect$$rtentry$$00000009
    rtentry2.o(.ARM.exidx) refers to rtentry2.o(.ARM.Collect$$rtentry$$0000000A) for .ARM.Collect$$rtentry$$0000000A
    rtentry2.o(.ARM.exidx) refers to rtentry2.o(.ARM.Collect$$rtentry$$0000000B) for .ARM.Collect$$rtentry$$0000000B
    rtentry2.o(.ARM.exidx) refers to rtentry2.o(.ARM.Collect$$rtentry$$0000000C) for .ARM.Collect$$rtentry$$0000000C
    rtentry2.o(.ARM.exidx) refers to rtentry2.o(.ARM.Collect$$rtentry$$0000000D) for .ARM.Collect$$rtentry$$0000000D
    rtentry4.o(.ARM.Collect$$rtentry$$00000004) refers to sys_stackheap_outer.o(.text) for __user_setup_stackheap
    rtentry4.o(.ARM.exidx) refers to rtentry4.o(.ARM.Collect$$rtentry$$00000004) for .ARM.Collect$$rtentry$$00000004
    rt_div0.o(.text) refers to defsig_fpe_outer.o(.text) for __rt_SIGFPE
    __printf_nopercent.o(.text) refers to __printf_nopercent.o(i.__ARM_common_call_via_r7) for __ARM_common_call_via_r7
    __printf_nopercent.o(.text) refers to __printf_nopercent.o(i.__ARM_common_call_via_r5) for __ARM_common_call_via_r5
    sys_stackheap_outer.o(.text) refers to libspace.o(.text) for __user_perproc_libspace
    sys_stackheap_outer.o(.text) refers to startup.o(.text) for __user_initial_stackheap
    exit.o(.text) refers to rtexit.o(.ARM.Collect$$rtexit$$00000000) for __rt_exit
    defsig_fpe_outer.o(.text) refers to defsig_fpe_inner.o(.text) for __rt_SIGFPE_inner
    defsig_fpe_outer.o(.text) refers to defsig_exit.o(.text) for __sig_exit
    defsig_fpe_formal.o(.text) refers to rt_raise.o(.text) for __rt_raise
    libinit.o(.ARM.Collect$$libinit$$00000000) refers (Special) to libinit2.o(.ARM.Collect$$libinit$$0000002A) for __rt_lib_init_alloca_1
    libinit.o(.ARM.Collect$$libinit$$00000000) refers (Special) to libinit2.o(.ARM.Collect$$libinit$$00000028) for __rt_lib_init_argv_1
    libinit.o(.ARM.Collect$$libinit$$00000000) refers (Special) to libinit2.o(.ARM.Collect$$libinit$$00000017) for __rt_lib_init_atexit_1
    libinit.o(.ARM.Collect$$libinit$$00000000) refers (Special) to libinit2.o(.ARM.Collect$$libinit$$0000001D) for __rt_lib_init_clock_1
    libinit.o(.ARM.Collect$$libinit$$00000000) refers (Special) to libinit2.o(.ARM.Collect$$libinit$$0000002E) for __rt_lib_init_cpp_1
    libinit.o(.ARM.Collect$$libinit$$00000000) refers (Special) to libinit2.o(.ARM.Collect$$libinit$$0000002C) for __rt_lib_init_exceptions_1
    libinit.o(.ARM.Collect$$libinit$$00000000) refers (Special) to libinit2.o(.ARM.Collect$$libinit$$0000001B) for __rt_lib_init_fp_trap_1
    libinit.o(.ARM.Collect$$libinit$$00000000) refers (Special) to libinit2.o(.ARM.Collect$$libinit$$0000001F) for __rt_lib_init_getenv_1
    libinit.o(.ARM.Collect$$libinit$$00000000) refers (Special) to libinit2.o(.ARM.Collect$$libinit$$00000006) for __rt_lib_init_heap_1
    libinit.o(.ARM.Collect$$libinit$$00000000) refers (Special) to libinit2.o(.ARM.Collect$$libinit$$0000000D) for __rt_lib_init_lc_collate_1
    libinit.o(.ARM.Collect$$libinit$$00000000) refers (Special) to libinit2.o(.ARM.Collect$$libinit$$0000000F) for __rt_lib_init_lc_ctype_1
    libinit.o(.ARM.Collect$$libinit$$00000000) refers (Special) to libinit2.o(.ARM.Collect$$libinit$$00000011) for __rt_lib_init_lc_monetary_1
    libinit.o(.ARM.Collect$$libinit$$00000000) refers (Special) to libinit2.o(.ARM.Collect$$libinit$$00000013) for __rt_lib_init_lc_numeric_1
    libinit.o(.ARM.Collect$$libinit$$00000000) refers (Special) to libinit2.o(.ARM.Collect$$libinit$$00000015) for __rt_lib_init_lc_time_1
    libinit.o(.ARM.Collect$$libinit$$00000000) refers (Special) to libinit2.o(.ARM.Collect$$libinit$$0000000A) for __rt_lib_init_rand_1
    libinit.o(.ARM.Collect$$libinit$$00000000) refers (Special) to libinit2.o(.ARM.Collect$$libinit$$0000002F) for __rt_lib_init_return
    libinit.o(.ARM.Collect$$libinit$$00000000) refers (Special) to libinit2.o(.ARM.Collect$$libinit$$00000019) for __rt_lib_init_signal_1
    libinit.o(.ARM.Collect$$libinit$$00000000) refers (Special) to libinit2.o(.ARM.Collect$$libinit$$00000021) for __rt_lib_init_stdio_1
    libinit.o(.ARM.Collect$$libinit$$00000000) refers (Special) to libinit2.o(.ARM.Collect$$libinit$$00000008) for __rt_lib_init_user_alloc_1
    libinit.o(.ARM.Collect$$libinit$$00000000) refers to fpinit.o(x$fpl$fpinit) for _fp_init
    libspace.o(.text) refers to libspace.o(.bss) for __libspace_start
    rtexit.o(.ARM.Collect$$rtexit$$00000000) refers (Special) to rtexit2.o(.ARM.Collect$$rtexit$$00000004) for __rt_exit_exit
    rtexit.o(.ARM.Collect$$rtexit$$00000000) refers (Special) to rtexit2.o(.ARM.Collect$$rtexit$$00000003) for __rt_exit_ls
    rtexit.o(.ARM.Collect$$rtexit$$00000000) refers (Special) to rtexit2.o(.ARM.Collect$$rtexit$$00000002) for __rt_exit_prels_1
    rtexit.o(.ARM.exidx) refers (Special) to rtexit2.o(.ARM.Collect$$rtexit$$00000004) for __rt_exit_exit
    rtexit.o(.ARM.exidx) refers (Special) to rtexit2.o(.ARM.Collect$$rtexit$$00000003) for __rt_exit_ls
    rtexit.o(.ARM.exidx) refers (Special) to rtexit2.o(.ARM.Collect$$rtexit$$00000002) for __rt_exit_prels_1
    rtexit.o(.ARM.exidx) refers to rtexit.o(.ARM.Collect$$rtexit$$00000000) for .ARM.Collect$$rtexit$$00000000
    rt_raise.o(.text) refers to __raise.o(.text) for __raise
    rt_raise.o(.text) refers to sys_exit.o(.text) for _sys_exit
    defsig_exit.o(.text) refers to sys_exit.o(.text) for _sys_exit
    defsig_fpe_inner.o(.text) refers to defsig_general.o(.text) for __default_signal_display
    libinit2.o(.ARM.Collect$$libinit$$0000000C) refers to libinit2.o(.ARM.Collect$$libinit$$0000000B) for .ARM.Collect$$libinit$$0000000B
    libinit2.o(.ARM.Collect$$libinit$$0000000E) refers to libinit2.o(.ARM.Collect$$libinit$$0000000B) for .ARM.Collect$$libinit$$0000000B
    libinit2.o(.ARM.Collect$$libinit$$00000010) refers to libinit2.o(.ARM.Collect$$libinit$$0000000B) for .ARM.Collect$$libinit$$0000000B
    libinit2.o(.ARM.Collect$$libinit$$00000012) refers to libinit2.o(.ARM.Collect$$libinit$$0000000B) for .ARM.Collect$$libinit$$0000000B
    libinit2.o(.ARM.Collect$$libinit$$00000014) refers to libinit2.o(.ARM.Collect$$libinit$$0000000B) for .ARM.Collect$$libinit$$0000000B
    libinit2.o(.ARM.Collect$$libinit$$00000022) refers to argv_veneer.o(.emb_text) for __ARM_argv_veneer
    libinit2.o(.ARM.Collect$$libinit$$00000023) refers to argv_veneer.o(.emb_text) for __ARM_argv_veneer
    fpinit.o(x$fpl$fpinit) refers to rt_fp_status_addr_intlibspace.o(.text) for __rt_fp_status_addr
    sys_exit.o(.text) refers (Special) to use_no_semi.o(.text) for __I$use$semihosting
    rtexit2.o(.ARM.Collect$$rtexit$$00000003) refers to libshutdown.o(.ARM.Collect$$libshutdown$$00000000) for __rt_lib_shutdown
    rtexit2.o(.ARM.Collect$$rtexit$$00000004) refers to sys_exit.o(.text) for _sys_exit
    rtexit2.o(.ARM.exidx) refers to rtexit2.o(.ARM.Collect$$rtexit$$00000001) for .ARM.Collect$$rtexit$$00000001
    rtexit2.o(.ARM.exidx) refers to rtexit2.o(.ARM.Collect$$rtexit$$00000002) for .ARM.Collect$$rtexit$$00000002
    rtexit2.o(.ARM.exidx) refers to rtexit2.o(.ARM.Collect$$rtexit$$00000003) for .ARM.Collect$$rtexit$$00000003
    rtexit2.o(.ARM.exidx) refers to rtexit2.o(.ARM.Collect$$rtexit$$00000004) for .ARM.Collect$$rtexit$$00000004
    rt_fp_status_addr.o(.text) refers to rt_fp_status_addr.o(.bss) for __rt_fp_status_addr_data
    rt_fp_status_addr_intlibspace.o(.text) refers to libspace.o(.bss) for __libspace_start
    __raise.o(.text) refers to __printf.o(i.__ARM_common_call_via_r2) for __ARM_common_call_via_r2
    __raise.o(.text) refers to defsig.o(CL$$defsig) for __default_signal_handler
    defsig_general.o(.text) refers to sys_wrch.o(.text) for _ttywrch
    argv_veneer.o(.emb_text) refers to no_argv.o(.text) for __ARM_get_argv
    sys_wrch.o(.text) refers (Special) to use_no_semi.o(.text) for __I$use$semihosting
    defsig.o(CL$$defsig) refers to defsig_fpe_inner.o(.text) for __rt_SIGFPE_inner
    defsig.o(CL$$defsig) refers to defsig_rtmem_inner.o(.text) for __rt_SIGRTMEM_inner
    _get_argv_nomalloc.o(.text) refers (Special) to hrguard.o(.text) for __heap_region$guard
    _get_argv_nomalloc.o(.text) refers to defsig_rtmem_outer.o(.text) for __rt_SIGRTMEM
    _get_argv_nomalloc.o(.text) refers to sys_command.o(.text) for _sys_command_string
    libshutdown.o(.ARM.Collect$$libshutdown$$00000000) refers (Special) to libshutdown2.o(.ARM.Collect$$libshutdown$$00000006) for __rt_lib_shutdown_fp_trap_1
    libshutdown.o(.ARM.Collect$$libshutdown$$00000000) refers (Special) to libshutdown2.o(.ARM.Collect$$libshutdown$$0000000E) for __rt_lib_shutdown_heap_1
    libshutdown.o(.ARM.Collect$$libshutdown$$00000000) refers (Special) to libshutdown2.o(.ARM.Collect$$libshutdown$$0000000F) for __rt_lib_shutdown_return
    libshutdown.o(.ARM.Collect$$libshutdown$$00000000) refers (Special) to libshutdown2.o(.ARM.Collect$$libshutdown$$00000009) for __rt_lib_shutdown_signal_1
    libshutdown.o(.ARM.Collect$$libshutdown$$00000000) refers (Special) to libshutdown2.o(.ARM.Collect$$libshutdown$$00000003) for __rt_lib_shutdown_stdio_1
    libshutdown.o(.ARM.Collect$$libshutdown$$00000000) refers (Special) to libshutdown2.o(.ARM.Collect$$libshutdown$$0000000B) for __rt_lib_shutdown_user_alloc_1
    sys_command.o(.text) refers (Special) to use_no_semi.o(.text) for __I$use$semihosting
    defsig_abrt_inner.o(.text) refers to defsig_general.o(.text) for __default_signal_display
    defsig_rtred_inner.o(.text) refers to defsig_general.o(.text) for __default_signal_display
    defsig_rtmem_inner.o(.text) refers to defsig_general.o(.text) for __default_signal_display
    defsig_rtmem_outer.o(.text) refers to defsig_rtmem_inner.o(.text) for __rt_SIGRTMEM_inner
    defsig_rtmem_outer.o(.text) refers to defsig_exit.o(.text) for __sig_exit
    defsig_rtmem_formal.o(.text) refers to rt_raise.o(.text) for __rt_raise
    defsig_stak_inner.o(.text) refers to defsig_general.o(.text) for __default_signal_display
    defsig_pvfn_inner.o(.text) refers to defsig_general.o(.text) for __default_signal_display
    defsig_cppl_inner.o(.text) refers to defsig_general.o(.text) for __default_signal_display
    defsig_segv_inner.o(.text) refers to defsig_general.o(.text) for __default_signal_display
    defsig_other.o(.text) refers to defsig_general.o(.text) for __default_signal_display


==============================================================================

Removing Unused input sections from the image.

    Removing adc_driver.o(.text), (356 bytes).

1 unused section(s) (total 356 bytes) removed from the image.

==============================================================================

Adding Veneers to the image

    Adding TA veneer (4 bytes, Inline) for call to '_printf_percent' from __printf.o(.text).
    Adding AT veneer (8 bytes, Inline) for call to '__rt_lib_init' from rtentry2.o(.ARM.Collect$$rtentry$$0000000A).
    Adding AT veneer (8 bytes, Inline) for call to '__rt_lib_shutdown' from rtexit2.o(.ARM.Collect$$rtexit$$00000003).
    Adding TA veneer (4 bytes, Inline) for call to '__rt_exit' from exit.o(.text).
    Adding AT veneer (8 bytes, Inline) for call to '__2sprintf' from lcd.o(.text).
    Adding AT veneer (8 bytes, Inline) for call to '_printf_int_dec' from _printf_d.o(.ARM.Collect$$_printf_percent$$00000009).
    Adding TA veneer (4 bytes, Inline) for call to '__rt_udiv10' from _printf_dec.o(.text).
    Adding AT veneer (8 bytes, Inline) for call to '_sys_exit' from rtexit2.o(.ARM.Collect$$rtexit$$00000004).
    Adding TA veneer (4 bytes, Inline) for call to '_fp_init' from libinit.o(.ARM.Collect$$libinit$$00000000).

9 Veneer(s) (total 56 bytes) added to the image.

==============================================================================

Image Symbol Table

    Local Symbols

    Symbol Name                              Value     Ov Type        Size  Object(Section)

    RESET                                    0x00000000   Section      272  startup.o(RESET)
    ../../angel/boardlib.s                   0x00000000   Number         0  boardinit3.o ABSOLUTE
    ../../angel/boardlib.s                   0x00000000   Number         0  boardinit1.o ABSOLUTE
    ../../angel/boardlib.s                   0x00000000   Number         0  boardinit2.o ABSOLUTE
    ../../angel/boardlib.s                   0x00000000   Number         0  boardshut.o ABSOLUTE
    ../../angel/handlers.s                   0x00000000   Number         0  __scatter_copy.o ABSOLUTE
    ../../angel/handlers.s                   0x00000000   Number         0  __scatter_zi.o ABSOLUTE
    ../../angel/kernel.s                     0x00000000   Number         0  rtexit2.o ABSOLUTE
    ../../angel/kernel.s                     0x00000000   Number         0  rtentry.o ABSOLUTE
    ../../angel/kernel.s                     0x00000000   Number         0  rtentry2.o ABSOLUTE
    ../../angel/kernel.s                     0x00000000   Number         0  rtentry4.o ABSOLUTE
    ../../angel/kernel.s                     0x00000000   Number         0  rtexit.o ABSOLUTE
    ../../angel/rt.s                         0x00000000   Number         0  rt_fp_status_addr.o ABSOLUTE
    ../../angel/rt.s                         0x00000000   Number         0  rt_raise.o ABSOLUTE
    ../../angel/rt.s                         0x00000000   Number         0  rt_fp_status_addr_intlibspace.o ABSOLUTE
    ../../angel/rt.s                         0x00000000   Number         0  aeabi_idiv0.o ABSOLUTE
    ../../angel/rt.s                         0x00000000   Number         0  rt_div0.o ABSOLUTE
    ../../angel/rt.s                         0x00000000   Number         0  aeabi_idiv0_sigfpe.o ABSOLUTE
    ../../angel/scatter.s                    0x00000000   Number         0  __scatter.o ABSOLUTE
    ../../angel/startup.s                    0x00000000   Number         0  __main.o ABSOLUTE
    ../../angel/sys.s                        0x00000000   Number         0  libspace.o ABSOLUTE
    ../../angel/sys.s                        0x00000000   Number         0  use_no_semi.o ABSOLUTE
    ../../angel/sys.s                        0x00000000   Number         0  sys_stackheap_outer.o ABSOLUTE
    ../../angel/sysapp.c                     0x00000000   Number         0  sys_exit.o ABSOLUTE
    ../../angel/sysapp.c                     0x00000000   Number         0  sys_wrch.o ABSOLUTE
    ../../angel/sysapp.c                     0x00000000   Number         0  sys_command.o ABSOLUTE
    ../../armsys.c                           0x00000000   Number         0  no_argv.o ABSOLUTE
    ../../armsys.c                           0x00000000   Number         0  argv_veneer.o ABSOLUTE
    ../../armsys.c                           0x00000000   Number         0  argv_veneer.o ABSOLUTE
    ../../armsys.c                           0x00000000   Number         0  _get_argv_nomalloc.o ABSOLUTE
    ../../d2f.s                              0x00000000   Number         0  d2f.o ABSOLUTE
    ../../dcmpi.s                            0x00000000   Number         0  dcmpi.o ABSOLUTE
    ../../ddiv.s                             0x00000000   Number         0  ddiv.o ABSOLUTE
    ../../dflt.s                             0x00000000   Number         0  dflt_noclz.o ABSOLUTE
    ../../division.s                         0x00000000   Number         0  rtudiv10.o ABSOLUTE
    ../../division.s                         0x00000000   Number         0  aeabi_sdiv.o ABSOLUTE
    ../../division.s                         0x00000000   Number         0  aeabi_sdiv_div0.o ABSOLUTE
    ../../divrt.s                            0x00000000   Number         0  divrt_7tdmi.o ABSOLUTE
    ../../divrt.s                            0x00000000   Number         0  divrt_7tdmi_div0.o ABSOLUTE
    ../../dleqf.s                            0x00000000   Number         0  dleqf.o ABSOLUTE
    ../../dmul.s                             0x00000000   Number         0  dmul.o ABSOLUTE
    ../../dnaninf.s                          0x00000000   Number         0  dnaninf.o ABSOLUTE
    ../../dretinf.s                          0x00000000   Number         0  dretinf.o ABSOLUTE
    ../../f2d.s                              0x00000000   Number         0  f2d.o ABSOLUTE
    ../../faddsub.s                          0x00000000   Number         0  faddsub_noclz.o ABSOLUTE
    ../../ffix.s                             0x00000000   Number         0  ffix.o ABSOLUTE
    ../../fflt.s                             0x00000000   Number         0  fflt_noclz.o ABSOLUTE
    ../../fmul.s                             0x00000000   Number         0  fmul.o ABSOLUTE
    ../../fnaninf.s                          0x00000000   Number         0  fnaninf.o ABSOLUTE
    ../../fpinit.s                           0x00000000   Number         0  fpinit.o ABSOLUTE
    ../../fretinf.s                          0x00000000   Number         0  fretinf.o ABSOLUTE
    ../../heapalloc.c                        0x00000000   Number         0  hrguard.o ABSOLUTE
    ../../heapaux.c                          0x00000000   Number         0  heapauxi.o ABSOLUTE
    ../../libinit.s                          0x00000000   Number         0  libshutdown.o ABSOLUTE
    ../../libinit.s                          0x00000000   Number         0  libinit2.o ABSOLUTE
    ../../libinit.s                          0x00000000   Number         0  libinit.o ABSOLUTE
    ../../libinit.s                          0x00000000   Number         0  libshutdown2.o ABSOLUTE
    ../../printf.c                           0x00000000   Number         0  __printf_flags.o ABSOLUTE
    ../../printf.c                           0x00000000   Number         0  _printf_dec.o ABSOLUTE
    ../../printf.c                           0x00000000   Number         0  __printf.o ABSOLUTE
    ../../printf.c                           0x00000000   Number         0  noretval__2sprintf.o ABSOLUTE
    ../../printf.c                           0x00000000   Number         0  __printf_nopercent.o ABSOLUTE
    ../../printf.c                           0x00000000   Number         0  __2sprintf.o ABSOLUTE
    ../../printf.c                           0x00000000   Number         0  _printf_intcommon.o ABSOLUTE
    ../../printf.c                           0x00000000   Number         0  _printf_char_common.o ABSOLUTE
    ../../printf.c                           0x00000000   Number         0  _sputc.o ABSOLUTE
    ../../printf.c                           0x00000000   Number         0  __printf_ss_wp.o ABSOLUTE
    ../../printf.c                           0x00000000   Number         0  __printf_flags_wp.o ABSOLUTE
    ../../printf.c                           0x00000000   Number         0  __printf_wp.o ABSOLUTE
    ../../printf.c                           0x00000000   Number         0  __printf_flags_ss.o ABSOLUTE
    ../../printf.c                           0x00000000   Number         0  __printf_flags_ss_wp.o ABSOLUTE
    ../../printf.c                           0x00000000   Number         0  __printf_ss.o ABSOLUTE
    ../../printf_percent.s                   0x00000000   Number         0  _printf_percent.o ABSOLUTE
    ../../printf_percent.s                   0x00000000   Number         0  _printf_percent_end.o ABSOLUTE
    ../../printf_percent.s                   0x00000000   Number         0  _printf_d.o ABSOLUTE
    ../../signal.c                           0x00000000   Number         0  defsig_segv_inner.o ABSOLUTE
    ../../signal.c                           0x00000000   Number         0  defsig_cppl_inner.o ABSOLUTE
    ../../signal.c                           0x00000000   Number         0  defsig_pvfn_inner.o ABSOLUTE
    ../../signal.c                           0x00000000   Number         0  defsig_stak_inner.o ABSOLUTE
    ../../signal.c                           0x00000000   Number         0  defsig_rtmem_formal.o ABSOLUTE
    ../../signal.c                           0x00000000   Number         0  defsig_fpe_inner.o ABSOLUTE
    ../../signal.c                           0x00000000   Number         0  defsig_exit.o ABSOLUTE
    ../../signal.c                           0x00000000   Number         0  defsig_general.o ABSOLUTE
    ../../signal.c                           0x00000000   Number         0  defsig_fpe_outer.o ABSOLUTE
    ../../signal.c                           0x00000000   Number         0  defsig_rtmem_inner.o ABSOLUTE
    ../../signal.c                           0x00000000   Number         0  __raise.o ABSOLUTE
    ../../signal.c                           0x00000000   Number         0  defsig_fpe_formal.o ABSOLUTE
    ../../signal.c                           0x00000000   Number         0  defsig_rtred_inner.o ABSOLUTE
    ../../signal.c                           0x00000000   Number         0  defsig_rtmem_outer.o ABSOLUTE
    ../../signal.c                           0x00000000   Number         0  defsig_other.o ABSOLUTE
    ../../signal.c                           0x00000000   Number         0  defsig_abrt_inner.o ABSOLUTE
    ../../signal.s                           0x00000000   Number         0  defsig.o ABSOLUTE
    ../../stdlib.c                           0x00000000   Number         0  exit.o ABSOLUTE
    ../../usenofp.s                          0x00000000   Number         0  usenofp.o ABSOLUTE
    MAIN_NODE.c                              0x00000000   Number         0  main_node.o ABSOLUTE
    Startup.s                                0x00000000   Number         0  startup.o ABSOLUTE
    adc_driver.c                             0x00000000   Number         0  adc_driver.o ABSOLUTE
    can.c                                    0x00000000   Number         0  can.o ABSOLUTE
    dc.s                                     0x00000000   Number         0  dc.o ABSOLUTE
    delay.c                                  0x00000000   Number         0  delay.o ABSOLUTE
    ds18b20.c                                0x00000000   Number         0  ds18b20.o ABSOLUTE
    interrupt.c                              0x00000000   Number         0  interrupt.o ABSOLUTE
    lcd.c                                    0x00000000   Number         0  lcd.o ABSOLUTE
    rtc.c                                    0x00000000   Number         0  rtc.o ABSOLUTE
    Undef_Handler                            0x00000040   ARM Code       4  startup.o(RESET)
    SWI_Handler                              0x00000044   ARM Code       4  startup.o(RESET)
    PAbt_Handler                             0x00000048   ARM Code       4  startup.o(RESET)
    DAbt_Handler                             0x0000004c   ARM Code       4  startup.o(RESET)
    IRQ_Handler                              0x00000050   ARM Code       4  startup.o(RESET)
    FIQ_Handler                              0x00000054   ARM Code       4  startup.o(RESET)
    !!!main                                  0x00000110   Section        8  __main.o(!!!main)
    !!!scatter                               0x00000118   Section       60  __scatter.o(!!!scatter)
    !!handler_copy                           0x00000154   Section       40  __scatter_copy.o(!!handler_copy)
    !!handler_zi                             0x0000017c   Section       44  __scatter_zi.o(!!handler_zi)
    .ARM.Collect$$_printf_percent$$00000000  0x000001ac   Section        0  _printf_percent.o(.ARM.Collect$$_printf_percent$$00000000)
    .ARM.Collect$$_printf_percent$$00000009  0x000001ac   Section        8  _printf_d.o(.ARM.Collect$$_printf_percent$$00000009)
    .ARM.Collect$$_printf_percent$$00000017  0x000001b4   Section        8  _printf_percent_end.o(.ARM.Collect$$_printf_percent$$00000017)
    .ARM.Collect$$libinit$$00000000          0x000001c4   Section        6  libinit.o(.ARM.Collect$$libinit$$00000000)
    .ARM.Collect$$libinit$$00000006          0x000001ca   Section        0  libinit2.o(.ARM.Collect$$libinit$$00000006)
    .ARM.Collect$$libinit$$00000008          0x000001ca   Section        0  libinit2.o(.ARM.Collect$$libinit$$00000008)
    .ARM.Collect$$libinit$$0000000A          0x000001ca   Section        0  libinit2.o(.ARM.Collect$$libinit$$0000000A)
    .ARM.Collect$$libinit$$0000000D          0x000001ca   Section        0  libinit2.o(.ARM.Collect$$libinit$$0000000D)
    .ARM.Collect$$libinit$$0000000F          0x000001ca   Section        0  libinit2.o(.ARM.Collect$$libinit$$0000000F)
    .ARM.Collect$$libinit$$00000011          0x000001ca   Section        0  libinit2.o(.ARM.Collect$$libinit$$00000011)
    .ARM.Collect$$libinit$$00000013          0x000001ca   Section        0  libinit2.o(.ARM.Collect$$libinit$$00000013)
    .ARM.Collect$$libinit$$00000015          0x000001ca   Section        0  libinit2.o(.ARM.Collect$$libinit$$00000015)
    .ARM.Collect$$libinit$$00000017          0x000001ca   Section        0  libinit2.o(.ARM.Collect$$libinit$$00000017)
    .ARM.Collect$$libinit$$00000019          0x000001ca   Section        0  libinit2.o(.ARM.Collect$$libinit$$00000019)
    .ARM.Collect$$libinit$$0000001B          0x000001ca   Section        0  libinit2.o(.ARM.Collect$$libinit$$0000001B)
    .ARM.Collect$$libinit$$0000001D          0x000001ca   Section        0  libinit2.o(.ARM.Collect$$libinit$$0000001D)
    .ARM.Collect$$libinit$$0000001F          0x000001ca   Section        0  libinit2.o(.ARM.Collect$$libinit$$0000001F)
    .ARM.Collect$$libinit$$00000021          0x000001ca   Section        0  libinit2.o(.ARM.Collect$$libinit$$00000021)
    .ARM.Collect$$libinit$$00000028          0x000001ca   Section        0  libinit2.o(.ARM.Collect$$libinit$$00000028)
    .ARM.Collect$$libinit$$0000002A          0x000001ca   Section        0  libinit2.o(.ARM.Collect$$libinit$$0000002A)
    .ARM.Collect$$libinit$$0000002C          0x000001ca   Section        0  libinit2.o(.ARM.Collect$$libinit$$0000002C)
    .ARM.Collect$$libinit$$0000002E          0x000001ca   Section        0  libinit2.o(.ARM.Collect$$libinit$$0000002E)
    .ARM.Collect$$libinit$$0000002F          0x000001ca   Section       12  libinit2.o(.ARM.Collect$$libinit$$0000002F)
    .ARM.Collect$$libshutdown$$00000000      0x000001e0   Section        4  libshutdown.o(.ARM.Collect$$libshutdown$$00000000)
    .ARM.Collect$$libshutdown$$00000003      0x000001e4   Section        0  libshutdown2.o(.ARM.Collect$$libshutdown$$00000003)
    .ARM.Collect$$libshutdown$$00000006      0x000001e4   Section        0  libshutdown2.o(.ARM.Collect$$libshutdown$$00000006)
    .ARM.Collect$$libshutdown$$00000009      0x000001e4   Section        0  libshutdown2.o(.ARM.Collect$$libshutdown$$00000009)
    .ARM.Collect$$libshutdown$$0000000B      0x000001e4   Section        0  libshutdown2.o(.ARM.Collect$$libshutdown$$0000000B)
    .ARM.Collect$$libshutdown$$0000000E      0x000001e4   Section        0  libshutdown2.o(.ARM.Collect$$libshutdown$$0000000E)
    .ARM.Collect$$libshutdown$$0000000F      0x000001e4   Section        6  libshutdown2.o(.ARM.Collect$$libshutdown$$0000000F)
    .ARM.Collect$$rtentry$$00000000          0x000001ec   Section        0  rtentry.o(.ARM.Collect$$rtentry$$00000000)
    .ARM.Collect$$rtentry$$00000002          0x000001ec   Section        0  rtentry2.o(.ARM.Collect$$rtentry$$00000002)
    .ARM.Collect$$rtentry$$00000004          0x000001ec   Section        8  rtentry4.o(.ARM.Collect$$rtentry$$00000004)
    .ARM.Collect$$rtentry$$00000009          0x000001f4   Section        0  rtentry2.o(.ARM.Collect$$rtentry$$00000009)
    .ARM.Collect$$rtentry$$0000000A          0x000001f4   Section        4  rtentry2.o(.ARM.Collect$$rtentry$$0000000A)
    .ARM.Collect$$rtentry$$0000000C          0x000001f8   Section        0  rtentry2.o(.ARM.Collect$$rtentry$$0000000C)
    .ARM.Collect$$rtentry$$0000000D          0x000001f8   Section       40  rtentry2.o(.ARM.Collect$$rtentry$$0000000D)
    .ARM.Collect$$rtexit$$00000000           0x00000224   Section        4  rtexit.o(.ARM.Collect$$rtexit$$00000000)
    .ARM.Collect$$rtexit$$00000002           0x00000228   Section        0  rtexit2.o(.ARM.Collect$$rtexit$$00000002)
    .ARM.Collect$$rtexit$$00000003           0x00000228   Section        4  rtexit2.o(.ARM.Collect$$rtexit$$00000003)
    .ARM.Collect$$rtexit$$00000004           0x0000022c   Section        8  rtexit2.o(.ARM.Collect$$rtexit$$00000004)
    .text                                    0x00000234   Section       32  startup.o(.text)
    .text                                    0x00000254   Section        0  main_node.o(.text)
    .text                                    0x00000764   Section        0  can.o(.text)
    .text                                    0x0000094c   Section        0  lcd.o(.text)
    .text                                    0x00000d70   Section        0  rtc.o(.text)
    .text                                    0x00000fd8   Section        0  delay.o(.text)
    .text                                    0x00001034   Section        0  ds18b20.o(.text)
    .text                                    0x000012f8   Section        0  interrupt.o(.text)
    .text                                    0x000015b4   Section        0  noretval__2sprintf.o(.text)
    .text                                    0x000015dc   Section        0  __printf.o(.text)
    .text                                    0x0000165c   Section        0  _printf_dec.o(.text)
    .text                                    0x000016cc   Section      384  aeabi_sdiv.o(.text)
    __arm_div8                               0x000016f8   ARM Code       0  aeabi_sdiv.o(.text)
    __arm_div5                               0x0000171c   ARM Code       0  aeabi_sdiv.o(.text)
    __arm_div2                               0x00001740   ARM Code       0  aeabi_sdiv.o(.text)
    __arm_div_large                          0x0000177c   ARM Code       0  aeabi_sdiv.o(.text)
    .text                                    0x0000184c   Section        0  heapauxi.o(.text)
    .text                                    0x00001852   Section        0  _printf_intcommon.o(.text)
    .text                                    0x00001908   Section        0  _printf_char_common.o(.text)
    _printf_input_char                       0x00001909   Thumb Code    10  _printf_char_common.o(.text)
    .text                                    0x00001938   Section        0  _sputc.o(.text)
    .text                                    0x00001948   Section       44  rtudiv10.o(.text)
    .text                                    0x00001974   Section       96  sys_stackheap_outer.o(.text)
    .text                                    0x000019d4   Section        0  exit.o(.text)
    .text                                    0x000019e0   Section       12  libspace.o(.text)
    .text                                    0x000019f4   Section        0  sys_exit.o(.text)
    .text                                    0x00001a00   Section       16  rt_fp_status_addr_intlibspace.o(.text)
    .text                                    0x00001a10   Section        4  use_no_semi.o(.text)
    .text_udiv                               0x00001a14   Section       36  aeabi_sdiv.o(.text_udiv)
    i.__ARM_common_call_via_r1               0x00001a38   Section        0  __printf.o(i.__ARM_common_call_via_r1)
    i.__ARM_common_call_via_r2               0x00001a3a   Section        0  __printf.o(i.__ARM_common_call_via_r2)
    x$fpl$dcmpinf                            0x00001a3c   Section       28  dcmpi.o(x$fpl$dcmpinf)
    x$fpl$dleqf                              0x00001a58   Section      148  dleqf.o(x$fpl$dleqf)
    x$fpl$dnaninf                            0x00001aec   Section      192  dnaninf.o(x$fpl$dnaninf)
    x$fpl$dretinf                            0x00001bac   Section       16  dretinf.o(x$fpl$dretinf)
    x$fpl$f2d                                0x00001bbc   Section      100  f2d.o(x$fpl$f2d)
    x$fpl$fadd                               0x00001c20   Section      196  faddsub_noclz.o(x$fpl$fadd)
    _fadd1                                   0x00001c2c   ARM Code       0  faddsub_noclz.o(x$fpl$fadd)
    x$fpl$ffix                               0x00001ce4   Section       68  ffix.o(x$fpl$ffix)
    x$fpl$fflt                               0x00001d28   Section       92  fflt_noclz.o(x$fpl$fflt)
    x$fpl$fmul                               0x00001d84   Section      256  fmul.o(x$fpl$fmul)
    x$fpl$fnaninf                            0x00001e84   Section      168  fnaninf.o(x$fpl$fnaninf)
    x$fpl$fpinit                             0x00001f30   Section       24  fpinit.o(x$fpl$fpinit)
    x$fpl$fretinf                            0x00001f48   Section       16  fretinf.o(x$fpl$fretinf)
    x$fpl$frsb                               0x00001f58   Section       20  faddsub_noclz.o(x$fpl$frsb)
    x$fpl$fsub                               0x00001f6c   Section      304  faddsub_noclz.o(x$fpl$fsub)
    _fsub1                                   0x00001f78   ARM Code       0  faddsub_noclz.o(x$fpl$fsub)
    x$fpl$usenofp                            0x0000209c   Section        0  usenofp.o(x$fpl$usenofp)
    .data                                    0x40000000   Section      114  main_node.o(.data)
    .data                                    0x40000072   Section       28  rtc.o(.data)
    .data                                    0x40000090   Section       12  interrupt.o(.data)
    .bss                                     0x4000009c   Section       32  main_node.o(.bss)
    .bss                                     0x400000bc   Section       96  libspace.o(.bss)
    HEAP                                     0x40000120   Section        0  startup.o(HEAP)
    STACK                                    0x40000120   Section     1160  startup.o(STACK)
    Heap_Mem                                 0x40000120   Data           0  startup.o(HEAP)
    Stack_Mem                                0x40000120   Data        1024  startup.o(STACK)
    Stack_Top                                0x400005a8   Data           0  startup.o(STACK)

    Global Symbols

    Symbol Name                              Value     Ov Type        Size  Object(Section)

    BuildAttributes$$THM_ISAv1$ARM_ISAv4$S$PE$A:L22$X:L11$S22$IEEE1$IW$USESV6$~STKCKD$USESV7$~SHL$OSPACE$ROPI$EBA8$UX$STANDARDLIB$REQ8$PRES8$EABIv2 0x00000000   Number         0  anon$$obj.o ABSOLUTE
    __ARM_use_no_argv                        0x00000000   Number         0  main_node.o ABSOLUTE
    __ARM_exceptions_init                     - Undefined Weak Reference
    __alloca_initialize                       - Undefined Weak Reference
    __cpp_initialize__aeabi_                  - Undefined Weak Reference
    __cxa_finalize                            - Undefined Weak Reference
    __rt_locale                               - Undefined Weak Reference
    __sigvec_lookup                           - Undefined Weak Reference
    _atexit_init                              - Undefined Weak Reference
    _call_atexit_fns                          - Undefined Weak Reference
    _clock_init                               - Undefined Weak Reference
    _fp_trap_init                             - Undefined Weak Reference
    _fp_trap_shutdown                         - Undefined Weak Reference
    _get_lc_collate                           - Undefined Weak Reference
    _get_lc_ctype                             - Undefined Weak Reference
    _get_lc_monetary                          - Undefined Weak Reference
    _get_lc_numeric                           - Undefined Weak Reference
    _get_lc_time                              - Undefined Weak Reference
    _getenv_init                              - Undefined Weak Reference
    _handle_redirection                       - Undefined Weak Reference
    _init_alloc                               - Undefined Weak Reference
    _init_user_alloc                          - Undefined Weak Reference
    _initio                                   - Undefined Weak Reference
    _printf_post_padding                      - Undefined Weak Reference
    _printf_pre_padding                       - Undefined Weak Reference
    _printf_truncate_signed                   - Undefined Weak Reference
    _printf_truncate_unsigned                 - Undefined Weak Reference
    _rand_init                                - Undefined Weak Reference
    _signal_finish                            - Undefined Weak Reference
    _signal_init                              - Undefined Weak Reference
    _terminate_alloc                          - Undefined Weak Reference
    _terminate_user_alloc                     - Undefined Weak Reference
    _terminateio                              - Undefined Weak Reference
    Reset_Handler                            0x00000058   ARM Code       0  startup.o(RESET)
    __main                                   0x00000110   ARM Code       8  __main.o(!!!main)
    __scatterload                            0x00000118   ARM Code       0  __scatter.o(!!!scatter)
    __scatterload_rt2                        0x00000118   ARM Code      52  __scatter.o(!!!scatter)
    __scatterload_null                       0x0000012c   ARM Code       0  __scatter.o(!!!scatter)
    __scatterload_copy                       0x00000154   ARM Code      40  __scatter_copy.o(!!handler_copy)
    __scatterload_zeroinit                   0x0000017c   ARM Code      44  __scatter_zi.o(!!handler_zi)
    Inline Thumb to ARM Veneer to _printf_percent 0x000001a9   Thumb Code     4  _printf_percent.o(.ARM.Collect$$_printf_percent$$00000000)
    _printf_d                                0x000001ac   ARM Code       0  _printf_d.o(.ARM.Collect$$_printf_percent$$00000009)
    _printf_percent                          0x000001ac   ARM Code       0  _printf_percent.o(.ARM.Collect$$_printf_percent$$00000000)
    _printf_percent_end                      0x000001b4   ARM Code       0  _printf_percent_end.o(.ARM.Collect$$_printf_percent$$00000017)
    Inline ARM to Thumb Veneer to __rt_lib_init 0x000001bc   ARM Code       8  libinit.o(.ARM.Collect$$libinit$$00000000)
    __rt_lib_init                            0x000001c5   Thumb Code     0  libinit.o(.ARM.Collect$$libinit$$00000000)
    __rt_lib_init_alloca_1                   0x000001cb   Thumb Code     0  libinit2.o(.ARM.Collect$$libinit$$0000002A)
    __rt_lib_init_argv_1                     0x000001cb   Thumb Code     0  libinit2.o(.ARM.Collect$$libinit$$00000028)
    __rt_lib_init_atexit_1                   0x000001cb   Thumb Code     0  libinit2.o(.ARM.Collect$$libinit$$00000017)
    __rt_lib_init_clock_1                    0x000001cb   Thumb Code     0  libinit2.o(.ARM.Collect$$libinit$$0000001D)
    __rt_lib_init_cpp_1                      0x000001cb   Thumb Code     0  libinit2.o(.ARM.Collect$$libinit$$0000002E)
    __rt_lib_init_exceptions_1               0x000001cb   Thumb Code     0  libinit2.o(.ARM.Collect$$libinit$$0000002C)
    __rt_lib_init_fp_trap_1                  0x000001cb   Thumb Code     0  libinit2.o(.ARM.Collect$$libinit$$0000001B)
    __rt_lib_init_getenv_1                   0x000001cb   Thumb Code     0  libinit2.o(.ARM.Collect$$libinit$$0000001F)
    __rt_lib_init_heap_1                     0x000001cb   Thumb Code     0  libinit2.o(.ARM.Collect$$libinit$$00000006)
    __rt_lib_init_lc_collate_1               0x000001cb   Thumb Code     0  libinit2.o(.ARM.Collect$$libinit$$0000000D)
    __rt_lib_init_lc_ctype_1                 0x000001cb   Thumb Code     0  libinit2.o(.ARM.Collect$$libinit$$0000000F)
    __rt_lib_init_lc_monetary_1              0x000001cb   Thumb Code     0  libinit2.o(.ARM.Collect$$libinit$$00000011)
    __rt_lib_init_lc_numeric_1               0x000001cb   Thumb Code     0  libinit2.o(.ARM.Collect$$libinit$$00000013)
    __rt_lib_init_lc_time_1                  0x000001cb   Thumb Code     0  libinit2.o(.ARM.Collect$$libinit$$00000015)
    __rt_lib_init_rand_1                     0x000001cb   Thumb Code     0  libinit2.o(.ARM.Collect$$libinit$$0000000A)
    __rt_lib_init_return                     0x000001cb   Thumb Code     0  libinit2.o(.ARM.Collect$$libinit$$0000002F)
    __rt_lib_init_signal_1                   0x000001cb   Thumb Code     0  libinit2.o(.ARM.Collect$$libinit$$00000019)
    __rt_lib_init_stdio_1                    0x000001cb   Thumb Code     0  libinit2.o(.ARM.Collect$$libinit$$00000021)
    __rt_lib_init_user_alloc_1               0x000001cb   Thumb Code     0  libinit2.o(.ARM.Collect$$libinit$$00000008)
    Inline ARM to Thumb Veneer to __rt_lib_shutdown 0x000001d8   ARM Code       8  libshutdown.o(.ARM.Collect$$libshutdown$$00000000)
    __rt_lib_shutdown                        0x000001e1   Thumb Code     0  libshutdown.o(.ARM.Collect$$libshutdown$$00000000)
    __rt_lib_shutdown_fp_trap_1              0x000001e5   Thumb Code     0  libshutdown2.o(.ARM.Collect$$libshutdown$$00000006)
    __rt_lib_shutdown_heap_1                 0x000001e5   Thumb Code     0  libshutdown2.o(.ARM.Collect$$libshutdown$$0000000E)
    __rt_lib_shutdown_return                 0x000001e5   Thumb Code     0  libshutdown2.o(.ARM.Collect$$libshutdown$$0000000F)
    __rt_lib_shutdown_signal_1               0x000001e5   Thumb Code     0  libshutdown2.o(.ARM.Collect$$libshutdown$$00000009)
    __rt_lib_shutdown_stdio_1                0x000001e5   Thumb Code     0  libshutdown2.o(.ARM.Collect$$libshutdown$$00000003)
    __rt_lib_shutdown_user_alloc_1           0x000001e5   Thumb Code     0  libshutdown2.o(.ARM.Collect$$libshutdown$$0000000B)
    __rt_entry                               0x000001ec   ARM Code       0  rtentry.o(.ARM.Collect$$rtentry$$00000000)
    __rt_entry_presh_1                       0x000001ec   ARM Code       0  rtentry2.o(.ARM.Collect$$rtentry$$00000002)
    __rt_entry_sh                            0x000001ec   ARM Code       0  rtentry4.o(.ARM.Collect$$rtentry$$00000004)
    __rt_entry_li                            0x000001f4   ARM Code       0  rtentry2.o(.ARM.Collect$$rtentry$$0000000A)
    __rt_entry_postsh_1                      0x000001f4   ARM Code       0  rtentry2.o(.ARM.Collect$$rtentry$$00000009)
    __rt_entry_main                          0x000001f8   ARM Code       0  rtentry2.o(.ARM.Collect$$rtentry$$0000000D)
    __rt_entry_postli_1                      0x000001f8   ARM Code       0  rtentry2.o(.ARM.Collect$$rtentry$$0000000C)
    Inline Thumb to ARM Veneer to __rt_exit  0x00000221   Thumb Code     4  rtexit.o(.ARM.Collect$$rtexit$$00000000)
    __rt_exit                                0x00000224   ARM Code       0  rtexit.o(.ARM.Collect$$rtexit$$00000000)
    __rt_exit_ls                             0x00000228   ARM Code       0  rtexit2.o(.ARM.Collect$$rtexit$$00000003)
    __rt_exit_prels_1                        0x00000228   ARM Code       0  rtexit2.o(.ARM.Collect$$rtexit$$00000002)
    __rt_exit_exit                           0x0000022c   ARM Code       0  rtexit2.o(.ARM.Collect$$rtexit$$00000004)
    __user_initial_stackheap                 0x00000234   ARM Code       0  startup.o(.text)
    rc_cnd                                   0x00000254   ARM Code      16  main_node.o(.text)
    LCD_Create_CustomChars                   0x00000264   ARM Code     372  main_node.o(.text)
    main                                     0x000003d8   ARM Code     908  main_node.o(.text)
    Init_CAN1                                0x00000764   ARM Code     108  can.o(.text)
    CAN1_Tx                                  0x000007d0   ARM Code     204  can.o(.text)
    CAN1_Rx                                  0x0000089c   ARM Code     160  can.o(.text)
    writeLCD                                 0x0000094c   ARM Code      84  lcd.o(.text)
    cmdLCD                                   0x000009a0   ARM Code      36  lcd.o(.text)
    InitLCD                                  0x000009c4   ARM Code     168  lcd.o(.text)
    charLCD                                  0x00000a6c   ARM Code      36  lcd.o(.text)
    setcursor                                0x00000a90   ARM Code      64  lcd.o(.text)
    strLCD                                   0x00000ad0   ARM Code      40  lcd.o(.text)
    s32LCD                                   0x00000af8   ARM Code      60  lcd.o(.text)
    u32LCD                                   0x00000b34   ARM Code     120  lcd.o(.text)
    f32LCD                                   0x00000bac   ARM Code     164  lcd.o(.text)
    DisplayVerticalFuel                      0x00000c50   ARM Code     104  lcd.o(.text)
    Display5BarFuel                          0x00000cb8   ARM Code     184  lcd.o(.text)
    RTC_Init                                 0x00000d70   ARM Code      40  rtc.o(.text)
    GetRTCTime                               0x00000d98   ARM Code      40  rtc.o(.text)
    DisplayRTCTime                           0x00000dc0   ARM Code     216  rtc.o(.text)
    GetRTCDate                               0x00000e98   ARM Code      40  rtc.o(.text)
    DisplayRTCDate                           0x00000ec0   ARM Code     160  rtc.o(.text)
    SetRTCTime                               0x00000f60   ARM Code      20  rtc.o(.text)
    SetRTCDate                               0x00000f74   ARM Code      20  rtc.o(.text)
    GetRTCDay                                0x00000f88   ARM Code      16  rtc.o(.text)
    DisplayRTCDay                            0x00000f98   ARM Code      40  rtc.o(.text)
    SetRTCDay                                0x00000fc0   ARM Code      12  rtc.o(.text)
    delay_us                                 0x00000fd8   ARM Code      28  delay.o(.text)
    delay_ms                                 0x00000ff4   ARM Code      28  delay.o(.text)
    delay_s                                  0x00001010   ARM Code      28  delay.o(.text)
    ResetDS18b20                             0x00001034   ARM Code     160  ds18b20.o(.text)
    ReadBit                                  0x000010d4   ARM Code     140  ds18b20.o(.text)
    WriteBit                                 0x00001160   ARM Code     108  ds18b20.o(.text)
    ReadByte                                 0x000011cc   ARM Code      88  ds18b20.o(.text)
    WriteByte                                0x00001224   ARM Code      68  ds18b20.o(.text)
    ReadTemp                                 0x00001268   ARM Code     132  ds18b20.o(.text)
    EINT0_Handler                            0x000012f8   ARM Code     208  interrupt.o(.text)
    EINT1_Handler                            0x000013c8   ARM Code     208  interrupt.o(.text)
    config_vic                               0x00001498   ARM Code      80  interrupt.o(.text)
    config_eint                              0x000014e8   ARM Code      60  interrupt.o(.text)
    Enable_EINT1                             0x00001524   ARM Code      52  interrupt.o(.text)
    Enable_EINT0                             0x00001558   ARM Code      52  interrupt.o(.text)
    Inline ARM to Thumb Veneer to __2sprintf 0x000015ac   ARM Code       8  noretval__2sprintf.o(.text)
    __2sprintf                               0x000015b5   Thumb Code    36  noretval__2sprintf.o(.text)
    __printf                                 0x000015dd   Thumb Code   120  __printf.o(.text)
    Inline ARM to Thumb Veneer to _printf_int_dec 0x00001654   ARM Code       8  _printf_dec.o(.text)
    _printf_int_dec                          0x0000165d   Thumb Code    94  _printf_dec.o(.text)
    __aeabi_idiv                             0x000016cc   ARM Code       0  aeabi_sdiv.o(.text)
    __aeabi_idivmod                          0x000016cc   ARM Code     384  aeabi_sdiv.o(.text)
    __use_two_region_memory                  0x0000184d   Thumb Code     2  heapauxi.o(.text)
    __rt_heap_escrow$2region                 0x0000184f   Thumb Code     2  heapauxi.o(.text)
    __rt_heap_expand$2region                 0x00001851   Thumb Code     2  heapauxi.o(.text)
    _printf_int_common                       0x00001853   Thumb Code   182  _printf_intcommon.o(.text)
    _printf_char_common                      0x00001913   Thumb Code    34  _printf_char_common.o(.text)
    _sputc                                   0x00001939   Thumb Code    10  _sputc.o(.text)
    Inline Thumb to ARM Veneer to __rt_udiv10 0x00001945   Thumb Code     4  rtudiv10.o(.text)
    __rt_udiv10                              0x00001948   ARM Code      44  rtudiv10.o(.text)
    __user_setup_stackheap                   0x00001974   ARM Code      96  sys_stackheap_outer.o(.text)
    exit                                     0x000019d5   Thumb Code    12  exit.o(.text)
    __user_libspace                          0x000019e0   ARM Code      12  libspace.o(.text)
    __user_perproc_libspace                  0x000019e0   ARM Code       0  libspace.o(.text)
    __user_perthread_libspace                0x000019e0   ARM Code       0  libspace.o(.text)
    Inline ARM to Thumb Veneer to _sys_exit  0x000019ec   ARM Code       8  sys_exit.o(.text)
    _sys_exit                                0x000019f5   Thumb Code     8  sys_exit.o(.text)
    __rt_fp_status_addr                      0x00001a00   ARM Code      16  rt_fp_status_addr_intlibspace.o(.text)
    __I$use$semihosting                      0x00001a10   ARM Code       0  use_no_semi.o(.text)
    __use_no_semihosting_swi                 0x00001a10   ARM Code       4  use_no_semi.o(.text)
    __aeabi_uidiv                            0x00001a14   ARM Code       0  aeabi_sdiv.o(.text_udiv)
    __aeabi_uidivmod                         0x00001a14   ARM Code      36  aeabi_sdiv.o(.text_udiv)
    __ARM_common_call_via_r1                 0x00001a39   Thumb Code     2  __printf.o(i.__ARM_common_call_via_r1)
    __ARM_common_call_via_r2                 0x00001a3b   Thumb Code     2  __printf.o(i.__ARM_common_call_via_r2)
    __fpl_dcmp_Inf                           0x00001a3c   ARM Code      28  dcmpi.o(x$fpl$dcmpinf)
    __aeabi_cdcmple                          0x00001a58   ARM Code       0  dleqf.o(x$fpl$dleqf)
    _dcmple                                  0x00001a58   ARM Code     148  dleqf.o(x$fpl$dleqf)
    __fpl_dcmple_InfNaN                      0x00001ad4   ARM Code       0  dleqf.o(x$fpl$dleqf)
    __fpl_dnaninf                            0x00001aec   ARM Code     192  dnaninf.o(x$fpl$dnaninf)
    __fpl_dretinf                            0x00001bac   ARM Code      16  dretinf.o(x$fpl$dretinf)
    __aeabi_f2d                              0x00001bbc   ARM Code       0  f2d.o(x$fpl$f2d)
    _f2d                                     0x00001bbc   ARM Code     100  f2d.o(x$fpl$f2d)
    __aeabi_fadd                             0x00001c20   ARM Code       0  faddsub_noclz.o(x$fpl$fadd)
    _fadd                                    0x00001c20   ARM Code     196  faddsub_noclz.o(x$fpl$fadd)
    __aeabi_f2iz                             0x00001ce4   ARM Code       0  ffix.o(x$fpl$ffix)
    _ffix                                    0x00001ce4   ARM Code      68  ffix.o(x$fpl$ffix)
    __aeabi_i2f                              0x00001d28   ARM Code       0  fflt_noclz.o(x$fpl$fflt)
    _fflt                                    0x00001d28   ARM Code      92  fflt_noclz.o(x$fpl$fflt)
    __fflt_normalise                         0x00001d34   ARM Code       0  fflt_noclz.o(x$fpl$fflt)
    __aeabi_fmul                             0x00001d84   ARM Code       0  fmul.o(x$fpl$fmul)
    _fmul                                    0x00001d84   ARM Code     256  fmul.o(x$fpl$fmul)
    __fpl_fnaninf                            0x00001e84   ARM Code     168  fnaninf.o(x$fpl$fnaninf)
    Inline Thumb to ARM Veneer to _fp_init   0x00001f2d   Thumb Code     4  fpinit.o(x$fpl$fpinit)
    _fp_init                                 0x00001f30   ARM Code      24  fpinit.o(x$fpl$fpinit)
    __fplib_config_pureend_doubles           0x00001f40   ARM Code       0  fpinit.o(x$fpl$fpinit)
    __fpl_fretinf                            0x00001f48   ARM Code      16  fretinf.o(x$fpl$fretinf)
    __aeabi_frsub                            0x00001f58   ARM Code       0  faddsub_noclz.o(x$fpl$frsb)
    _frsb                                    0x00001f58   ARM Code      20  faddsub_noclz.o(x$fpl$frsb)
    __aeabi_fsub                             0x00001f6c   ARM Code       0  faddsub_noclz.o(x$fpl$fsub)
    _fsub                                    0x00001f6c   ARM Code     304  faddsub_noclz.o(x$fpl$fsub)
    Region$$Table$$Base                      0x0000209c   Number         0  anon$$obj.o(Region$$Table)
    __I$use$fp                               0x0000209c   ARM Code       0  usenofp.o(x$fpl$usenofp)
    Region$$Table$$Limit                     0x000020bc   Number         0  anon$$obj.o(Region$$Table)
    cgram_lut                                0x40000000   Data           8  main_node.o(.data)
    right_arrow                              0x40000008   Data           8  main_node.o(.data)
    left_arrow                               0x40000010   Data           8  main_node.o(.data)
    bar_0                                    0x40000018   Data           8  main_node.o(.data)
    bar_1                                    0x40000020   Data           8  main_node.o(.data)
    bar_2                                    0x40000028   Data           8  main_node.o(.data)
    bar_3                                    0x40000030   Data           8  main_node.o(.data)
    bar_4                                    0x40000038   Data           8  main_node.o(.data)
    bar_5                                    0x40000040   Data           8  main_node.o(.data)
    flag1                                    0x40000048   Data           4  main_node.o(.data)
    flag2                                    0x4000004c   Data           4  main_node.o(.data)
    hour                                     0x40000050   Data           4  main_node.o(.data)
    min                                      0x40000054   Data           4  main_node.o(.data)
    sec                                      0x40000058   Data           4  main_node.o(.data)
    date                                     0x4000005c   Data           4  main_node.o(.data)
    month                                    0x40000060   Data           4  main_node.o(.data)
    year                                     0x40000064   Data           4  main_node.o(.data)
    day                                      0x40000068   Data           4  main_node.o(.data)
    temp                                     0x4000006c   Data           4  main_node.o(.data)
    tp                                       0x40000070   Data           1  main_node.o(.data)
    tpd                                      0x40000071   Data           1  main_node.o(.data)
    week                                     0x40000072   Data          28  rtc.o(.data)
    cnt                                      0x40000090   Data           4  interrupt.o(.data)
    left_blink                               0x40000094   Data           1  interrupt.o(.data)
    right_blink                              0x40000095   Data           1  interrupt.o(.data)
    i                                        0x40000098   Data           4  interrupt.o(.data)
    rxF                                      0x4000009c   Data          16  main_node.o(.bss)
    txF                                      0x400000ac   Data          16  main_node.o(.bss)
    __libspace_start                         0x400000bc   Data          96  libspace.o(.bss)
    __temporary_stack_top$libspace           0x4000011c   Data           0  libspace.o(.bss)



==============================================================================

Memory Map of the image

  Image Entry point : 0x00000110

  Load Region LR_IROM1 (Base: 0x00000000, Size: 0x00002158, Max: 0x00040000, ABSOLUTE)

    Execution Region ER_IROM1 (Base: 0x00000000, Size: 0x000020bc, Max: 0x00040000, ABSOLUTE)

    Base Addr    Size         Type   Attr      Idx    E Section Name        Object

    0x00000000   0x00000110   Code   RO            3    RESET               startup.o
    0x00000110   0x00000008   Code   RO          249  * !!!main             c_t.l(__main.o)(c_t.l)
    0x00000118   0x0000003c   Code   RO          479    !!!scatter          c_t.l(__scatter.o)(c_t.l)
    0x00000154   0x00000028   Code   RO          481    !!handler_copy      c_t.l(__scatter_copy.o)(c_t.l)
    0x0000017c   0x0000002c   Code   RO          483    !!handler_zi        c_t.l(__scatter_zi.o)(c_t.l)
    0x000001a8   0x00000004   Ven    RO          230    .ARM.Collect$$_printf_percent$$00000000  c_t.l(_printf_percent.o)(c_t.l)
    0x000001ac   0x00000000   Code   RO          230    .ARM.Collect$$_printf_percent$$00000000  c_t.l(_printf_percent.o)(c_t.l)
    0x000001ac   0x00000008   Code   RO          229    .ARM.Collect$$_printf_percent$$00000009  c_t.l(_printf_d.o)(c_t.l)
    0x000001b4   0x00000008   Code   RO          295    .ARM.Collect$$_printf_percent$$00000017  c_t.l(_printf_percent_end.o)(c_t.l)
    0x000001bc   0x00000008   Ven    RO          349    .ARM.Collect$$libinit$$00000000  c_t.l(libinit.o)(c_t.l)
    0x000001c4   0x00000006   Code   RO          349    .ARM.Collect$$libinit$$00000000  c_t.l(libinit.o)(c_t.l)
    0x000001ca   0x00000000   Code   RO          363    .ARM.Collect$$libinit$$00000006  c_t.l(libinit2.o)(c_t.l)
    0x000001ca   0x00000000   Code   RO          365    .ARM.Collect$$libinit$$00000008  c_t.l(libinit2.o)(c_t.l)
    0x000001ca   0x00000000   Code   RO          367    .ARM.Collect$$libinit$$0000000A  c_t.l(libinit2.o)(c_t.l)
    0x000001ca   0x00000000   Code   RO          370    .ARM.Collect$$libinit$$0000000D  c_t.l(libinit2.o)(c_t.l)
    0x000001ca   0x00000000   Code   RO          372    .ARM.Collect$$libinit$$0000000F  c_t.l(libinit2.o)(c_t.l)
    0x000001ca   0x00000000   Code   RO          374    .ARM.Collect$$libinit$$00000011  c_t.l(libinit2.o)(c_t.l)
    0x000001ca   0x00000000   Code   RO          376    .ARM.Collect$$libinit$$00000013  c_t.l(libinit2.o)(c_t.l)
    0x000001ca   0x00000000   Code   RO          378    .ARM.Collect$$libinit$$00000015  c_t.l(libinit2.o)(c_t.l)
    0x000001ca   0x00000000   Code   RO          380    .ARM.Collect$$libinit$$00000017  c_t.l(libinit2.o)(c_t.l)
    0x000001ca   0x00000000   Code   RO          382    .ARM.Collect$$libinit$$00000019  c_t.l(libinit2.o)(c_t.l)
    0x000001ca   0x00000000   Code   RO          384    .ARM.Collect$$libinit$$0000001B  c_t.l(libinit2.o)(c_t.l)
    0x000001ca   0x00000000   Code   RO          386    .ARM.Collect$$libinit$$0000001D  c_t.l(libinit2.o)(c_t.l)
    0x000001ca   0x00000000   Code   RO          388    .ARM.Collect$$libinit$$0000001F  c_t.l(libinit2.o)(c_t.l)
    0x000001ca   0x00000000   Code   RO          390    .ARM.Collect$$libinit$$00000021  c_t.l(libinit2.o)(c_t.l)
    0x000001ca   0x00000000   Code   RO          394    .ARM.Collect$$libinit$$00000028  c_t.l(libinit2.o)(c_t.l)
    0x000001ca   0x00000000   Code   RO          396    .ARM.Collect$$libinit$$0000002A  c_t.l(libinit2.o)(c_t.l)
    0x000001ca   0x00000000   Code   RO          398    .ARM.Collect$$libinit$$0000002C  c_t.l(libinit2.o)(c_t.l)
    0x000001ca   0x00000000   Code   RO          400    .ARM.Collect$$libinit$$0000002E  c_t.l(libinit2.o)(c_t.l)
    0x000001ca   0x0000000c   Code   RO          401    .ARM.Collect$$libinit$$0000002F  c_t.l(libinit2.o)(c_t.l)
    0x000001d6   0x00000002   PAD
    0x000001d8   0x00000008   Ven    RO          437    .ARM.Collect$$libshutdown$$00000000  c_t.l(libshutdown.o)(c_t.l)
    0x000001e0   0x00000004   Code   RO          437    .ARM.Collect$$libshutdown$$00000000  c_t.l(libshutdown.o)(c_t.l)
    0x000001e4   0x00000000   Code   RO          464    .ARM.Collect$$libshutdown$$00000003  c_t.l(libshutdown2.o)(c_t.l)
    0x000001e4   0x00000000   Code   RO          467    .ARM.Collect$$libshutdown$$00000006  c_t.l(libshutdown2.o)(c_t.l)
    0x000001e4   0x00000000   Code   RO          470    .ARM.Collect$$libshutdown$$00000009  c_t.l(libshutdown2.o)(c_t.l)
    0x000001e4   0x00000000   Code   RO          472    .ARM.Collect$$libshutdown$$0000000B  c_t.l(libshutdown2.o)(c_t.l)
    0x000001e4   0x00000000   Code   RO          475    .ARM.Collect$$libshutdown$$0000000E  c_t.l(libshutdown2.o)(c_t.l)
    0x000001e4   0x00000006   Code   RO          476    .ARM.Collect$$libshutdown$$0000000F  c_t.l(libshutdown2.o)(c_t.l)
    0x000001ea   0x00000002   PAD
    0x000001ec   0x00000000   Code   RO          283    .ARM.Collect$$rtentry$$00000000  c_t.l(rtentry.o)(c_t.l)
    0x000001ec   0x00000000   Code   RO          310    .ARM.Collect$$rtentry$$00000002  c_t.l(rtentry2.o)(c_t.l)
    0x000001ec   0x00000008   Code   RO          325    .ARM.Collect$$rtentry$$00000004  c_t.l(rtentry4.o)(c_t.l)
    0x000001f4   0x00000000   Code   RO          312    .ARM.Collect$$rtentry$$00000009  c_t.l(rtentry2.o)(c_t.l)
    0x000001f4   0x00000004   Code   RO          313    .ARM.Collect$$rtentry$$0000000A  c_t.l(rtentry2.o)(c_t.l)
    0x000001f8   0x00000000   Code   RO          315    .ARM.Collect$$rtentry$$0000000C  c_t.l(rtentry2.o)(c_t.l)
    0x000001f8   0x00000028   Code   RO          316    .ARM.Collect$$rtentry$$0000000D  c_t.l(rtentry2.o)(c_t.l)
    0x00000220   0x00000004   Ven    RO          353    .ARM.Collect$$rtexit$$00000000  c_t.l(rtexit.o)(c_t.l)
    0x00000224   0x00000004   Code   RO          353    .ARM.Collect$$rtexit$$00000000  c_t.l(rtexit.o)(c_t.l)
    0x00000228   0x00000000   Code   RO          407    .ARM.Collect$$rtexit$$00000002  c_t.l(rtexit2.o)(c_t.l)
    0x00000228   0x00000004   Code   RO          408    .ARM.Collect$$rtexit$$00000003  c_t.l(rtexit2.o)(c_t.l)
    0x0000022c   0x00000008   Code   RO          409    .ARM.Collect$$rtexit$$00000004  c_t.l(rtexit2.o)(c_t.l)
    0x00000234   0x00000020   Code   RO            4    .text               startup.o
    0x00000254   0x00000510   Code   RO           11    .text               main_node.o
    0x00000764   0x000001e8   Code   RO           67    .text               can.o
    0x0000094c   0x00000424   Code   RO          101    .text               lcd.o
    0x00000d70   0x00000268   Code   RO          130    .text               rtc.o
    0x00000fd8   0x0000005c   Code   RO          150    .text               delay.o
    0x00001034   0x000002c4   Code   RO          164    .text               ds18b20.o
    0x000012f8   0x000002b4   Code   RO          176    .text               interrupt.o
    0x000015ac   0x00000008   Ven    RO          201    .text               c_t.l(noretval__2sprintf.o)(c_t.l)
    0x000015b4   0x00000028   Code   RO          201    .text               c_t.l(noretval__2sprintf.o)(c_t.l)
    0x000015dc   0x00000078   Code   RO          203    .text               c_t.l(__printf.o)(c_t.l)
    0x00001654   0x00000008   Ven    RO          209    .text               c_t.l(_printf_dec.o)(c_t.l)
    0x0000165c   0x00000070   Code   RO          209    .text               c_t.l(_printf_dec.o)(c_t.l)
    0x000016cc   0x00000180   Code   RO          231    .text               c_t.l(aeabi_sdiv.o)(c_t.l)
    0x0000184c   0x00000006   Code   RO          247    .text               c_t.l(heapauxi.o)(c_t.l)
    0x00001852   0x000000b6   Code   RO          289    .text               c_t.l(_printf_intcommon.o)(c_t.l)
    0x00001908   0x00000030   Code   RO          291    .text               c_t.l(_printf_char_common.o)(c_t.l)
    0x00001938   0x0000000a   Code   RO          293    .text               c_t.l(_sputc.o)(c_t.l)
    0x00001942   0x00000002   PAD
    0x00001944   0x00000004   Ven    RO          296    .text               c_t.l(rtudiv10.o)(c_t.l)
    0x00001948   0x0000002c   Code   RO          296    .text               c_t.l(rtudiv10.o)(c_t.l)
    0x00001974   0x00000060   Code   RO          335    .text               c_t.l(sys_stackheap_outer.o)(c_t.l)
    0x000019d4   0x0000000c   Code   RO          337    .text               c_t.l(exit.o)(c_t.l)
    0x000019e0   0x0000000c   Code   RO          350    .text               c_t.l(libspace.o)(c_t.l)
    0x000019ec   0x00000008   Ven    RO          404    .text               c_t.l(sys_exit.o)(c_t.l)
    0x000019f4   0x0000000c   Code   RO          404    .text               c_t.l(sys_exit.o)(c_t.l)
    0x00001a00   0x00000010   Code   RO          417    .text               c_t.l(rt_fp_status_addr_intlibspace.o)(c_t.l)
    0x00001a10   0x00000004   Code   RO          427    .text               c_t.l(use_no_semi.o)(c_t.l)
    0x00001a14   0x00000024   Code   RO          232    .text_udiv          c_t.l(aeabi_sdiv.o)(c_t.l)
    0x00001a38   0x00000002   Code   RO          207    i.__ARM_common_call_via_r1  c_t.l(__printf.o)(c_t.l)
    0x00001a3a   0x00000002   Code   RO          205    i.__ARM_common_call_via_r2  c_t.l(__printf.o)(c_t.l)
    0x00001a3c   0x0000001c   Code   RO          298    x$fpl$dcmpinf       fz_ts.l(dcmpi.o)(fz_ts.l)
    0x00001a58   0x00000094   Code   RO          261    x$fpl$dleqf         fz_ts.l(dleqf.o)(fz_ts.l)
    0x00001aec   0x000000c0   Code   RO          300    x$fpl$dnaninf       fz_ts.l(dnaninf.o)(fz_ts.l)
    0x00001bac   0x00000010   Code   RO          302    x$fpl$dretinf       fz_ts.l(dretinf.o)(fz_ts.l)
    0x00001bbc   0x00000064   Code   RO          265    x$fpl$f2d           fz_ts.l(f2d.o)(fz_ts.l)
    0x00001c20   0x000000c4   Code   RO          267    x$fpl$fadd          fz_ts.l(faddsub_noclz.o)(fz_ts.l)
    0x00001ce4   0x00000044   Code   RO          273    x$fpl$ffix          fz_ts.l(ffix.o)(fz_ts.l)
    0x00001d28   0x0000005c   Code   RO          278    x$fpl$fflt          fz_ts.l(fflt_noclz.o)(fz_ts.l)
    0x00001d84   0x00000100   Code   RO          281    x$fpl$fmul          fz_ts.l(fmul.o)(fz_ts.l)
    0x00001e84   0x000000a8   Code   RO          304    x$fpl$fnaninf       fz_ts.l(fnaninf.o)(fz_ts.l)
    0x00001f2c   0x00000004   Ven    RO          402    x$fpl$fpinit        fz_ts.l(fpinit.o)(fz_ts.l)
    0x00001f30   0x00000018   Code   RO          402    x$fpl$fpinit        fz_ts.l(fpinit.o)(fz_ts.l)
    0x00001f48   0x00000010   Code   RO          306    x$fpl$fretinf       fz_ts.l(fretinf.o)(fz_ts.l)
    0x00001f58   0x00000014   Code   RO          268    x$fpl$frsb          fz_ts.l(faddsub_noclz.o)(fz_ts.l)
    0x00001f6c   0x00000130   Code   RO          269    x$fpl$fsub          fz_ts.l(faddsub_noclz.o)(fz_ts.l)
    0x0000209c   0x00000000   Code   RO          308    x$fpl$usenofp       fz_ts.l(usenofp.o)(fz_ts.l)
    0x0000209c   0x00000020   Data   RO          477    Region$$Table       anon$$obj.o


    Execution Region RW_IRAM1 (Base: 0x40000000, Size: 0x000005a8, Max: 0x00004000, ABSOLUTE)

    Base Addr    Size         Type   Attr      Idx    E Section Name        Object

    0x40000000   0x00000072   Data   RW           13    .data               main_node.o
    0x40000072   0x0000001c   Data   RW          131    .data               rtc.o
    0x4000008e   0x00000002   PAD
    0x40000090   0x0000000c   Data   RW          177    .data               interrupt.o
    0x4000009c   0x00000020   Zero   RW           12    .bss                main_node.o
    0x400000bc   0x00000060   Zero   RW          351    .bss                c_t.l(libspace.o)(c_t.l)
    0x4000011c   0x00000004   PAD
    0x40000120   0x00000000   Zero   RW            2    HEAP                startup.o
    0x40000120   0x00000488   Zero   RW            1    STACK               startup.o


==============================================================================

Image component sizes


      Code (inc. data)   RO Data    RW Data    ZI Data      Debug   Object Name

       488         16          0          0          0          0   can.o
        92          8          0          0          0          0   delay.o
       708         12          0          0          0          0   ds18b20.o
       692         32          0         12          0          0   interrupt.o
      1060         32          0          0          0          0   lcd.o
      1296        180          0        114         32          0   main_node.o
       616         12          0         28          0          0   rtc.o
       304         60          0          0       1160          0   startup.o

    ----------------------------------------------------------------------
      5256        352         32        156       1192          0   Object Totals
         0          0         32          0          0          0   (incl. Generated)
         0          0          0          2          0          2   (incl. Padding)

    ----------------------------------------------------------------------

      Code (inc. data)   RO Data    RW Data    ZI Data      Debug   Library Member Name

         8          0          0          0          0          0   __main.o
       124          0          0          0          0          0   __printf.o
        60          8          0          0          0          0   __scatter.o
        40          0          0          0          0          0   __scatter_copy.o
        44          0          0          0          0          0   __scatter_zi.o
        48          4          0          0          0          0   _printf_char_common.o
         8          0          0          0          0          0   _printf_d.o
       120         18          0          0          0          0   _printf_dec.o
       182          0          0          0          0          0   _printf_intcommon.o
         4          0          0          0          0          0   _printf_percent.o
         8          0          0          0          0          0   _printf_percent_end.o
        10          0          0          0          0          0   _sputc.o
       420          0          0          0          0          0   aeabi_sdiv.o
        12          0          0          0          0          0   exit.o
         6          0          0          0          0          0   heapauxi.o
        14          0          0          0          0          0   libinit.o
        12          0          0          0          0          0   libinit2.o
        12          0          0          0          0          0   libshutdown.o
         6          0          0          0          0          0   libshutdown2.o
        12          4          0          0         96          0   libspace.o
        48          4          0          0          0          0   noretval__2sprintf.o
        16          4          0          0          0          0   rt_fp_status_addr_intlibspace.o
         0          0          0          0          0          0   rtentry.o
        44          4          0          0          0          0   rtentry2.o
         8          0          0          0          0          0   rtentry4.o
         8          0          0          0          0          0   rtexit.o
        12          0          0          0          0          0   rtexit2.o
        48          0          0          0          0          0   rtudiv10.o
        20          4          0          0          0          0   sys_exit.o
        96          0          0          0          0          0   sys_stackheap_outer.o
         4          0          0          0          0          0   use_no_semi.o
        28          0          0          0          0          0   dcmpi.o
       148          4          0          0          0          0   dleqf.o
       192          0          0          0          0          0   dnaninf.o
        16          0          0          0          0          0   dretinf.o
       100          4          0          0          0          0   f2d.o
       520          8          0          0          0          0   faddsub_noclz.o
        68          4          0          0          0          0   ffix.o
        92          0          0          0          0          0   fflt_noclz.o
       256          4          0          0          0          0   fmul.o
       168          0          0          0          0          0   fnaninf.o
        28          0          0          0          0          0   fpinit.o
        16          0          0          0          0          0   fretinf.o
         0          0          0          0          0          0   usenofp.o

    ----------------------------------------------------------------------
      3092         74          0          0        100          0   Library Totals
         6          0          0          0          4          0   (incl. Padding)

    ----------------------------------------------------------------------

      Code (inc. data)   RO Data    RW Data    ZI Data      Debug   Library Name

      1454         50          0          0         96       1456   c_t.l
      1632         24          0          0          0       1140   fz_ts.l

    ----------------------------------------------------------------------
      3092         74          0          0        100          0   Library Totals

    ----------------------------------------------------------------------

==============================================================================


      Code (inc. data)   RO Data    RW Data    ZI Data      Debug   

      8348        426         32        156       1292      19472   Grand Totals
      8348        426         32        156       1292      19472   ELF Image Totals
      8348        426         32        156          0          0   ROM Totals

==============================================================================

    Total RO  Size (Code + RO Data)                 8380 (   8.18kB)
    Total RW  Size (RW Data + ZI Data)              1448 (   1.41kB)
    Total ROM Size (Code + RO Data + RW Data)       8536 (   8.34kB)

==============================================================================

